
> harness-web@0.1.0 test:unit
> node --experimental-strip-types --test tests/*.test.mjs

✔ queue decision payloads never claim a machine identity (1.176875ms)
✔ two Context Bars instances can attune to two different nearby threads (0.901375ms)
✔ drag geometry immediately reattunes a consumer (0.175042ms)
✔ an exact tie is random once and sticky until the layout changes (6.3355ms)
✔ a sticky tie pick survives reload but rejects malformed stored state (0.131833ms)
✔ layer distance participates in proximity with one unit per tab step (0.083208ms)
✔ conversation mode switches the same source between one thread and the Deck stack (0.879042ms)
✔ GLOBAL and zero-source ATTUNED badges state their exact truth (0.337458ms)
✔ the conversation exposes the screenshot without opening its binary diagnostics (0.757625ms)
✔ renders URL-safe binary as an image and elides nested diagnostic copies without mutation (0.216375ms)
✔ app settings own the live theme, transcript backup, and layout controls (9.170667ms)
✔ module settings expose only bound scope controls and remove dead Palace scope (2.10375ms)
✔ internal implementation labels do not reach the owner surface (1.610625ms)
✔ focused Conversation does not reselect its already-authoritative thread before send (0.600792ms)
✔ formats money, percentages, and quantities for a glanceable instrument (1.137208ms)
✔ rejects non-decimal money and non-finite measurements (0.180875ms)
✔ names the owner-facing instrument Spend at the production manifest seam (4.641875ms)
✔ image preparation validates signature and emits canonical input plus compact view (7.978375ms)
✔ image preparation rejects every local invalidity with a usable remedy (1.056625ms)
✔ composer image UX is focus-scoped, accessible, reconnectable, and responsive (5.270334ms)
✔ lifecycle overlays return in one click while instruments live on the stage (6.021958ms)
✔ thread-list archive targets the existing extraction action by thread identity (2.127042ms)
✔ instrument remotes remain scrollable without being fixed host overlays (1.703709ms)
✔ Injection scope is owned by the shared module settings slot (1.274292ms)
✔ Run DEEP and Audition share explicit readable secondary-action states (1.40225ms)
✔ Graph and Injection remotes share a real viewport scroll container (4.129542ms)
✔ layout audit catches interactive overlap without rejecting shared edges (1.251291ms)
✔ layout audit reports clipped text independently of box collisions (0.067792ms)
✔ layout audit reports visual text collisions within each rendered surface (0.098583ms)
✔ stage source keeps rare controls in settings and lets thread titles wrap in full (8.692791ms)
✔ presents server-authored learning truth in human numbers (0.824125ms)
✔ describes the first background retrain honestly before a durable run exists (0.083584ms)
✔ positions live and generation scores on one timeline without deriving either score (0.86425ms)
✔ does not invent a proposal score when weighted evidence is not recorded (0.07825ms)
✔ quiet refresh preserves controls until scope or active generation changes (0.091792ms)
✔ quiet progress refresh expires only a retrain notice and preserves owner interaction (0.058292ms)
✔ freezes the owner control copy (0.04125ms)
✔ extracts one shared telemetry view and refuses a missing learning view (0.061084ms)
✔ the finished Deck keeps proposed replies same-turn, editable, ordered, and journaled (5.015875ms)
✔ keeps the highest-signal label when graph labels collide (1.449542ms)
✔ retains separated labels with non-overlapping boxes inside the graph viewbox (5.836458ms)
✔ rebinds a selected Graph node to the refreshed snapshot or clears it (0.622541ms)
✔ Graph node activation publishes memory identity without opening an overlay (6.911458ms)
✔ only exposes a Graph snapshot matching the pending scope and thread request (2.668542ms)
✔ does not query ATTUNED memory until a thread identity exists (4.286916ms)
✔ agent-file jump-start offers one explicit route into ordinary seed review (6.956792ms)
✔ Memory Ingest is a movable panel rather than a header control or lifecycle overlay (2.736667ms)
✔ judged Symphony batches reuse Palace Queue and retain explicit owner consent (1.780167ms)
✔ curator proposals expose Palace activity and use only explicit queue decisions (2.818833ms)
✔ keeps the memory editor mounted for its authoritative save result (5.497167ms)
✔ nebula creates exactly one deterministic body per active memory (1.479208ms)
✔ activity and provenance modes produce different named data transforms (0.129792ms)
✔ memory current emits only real revision events and replays byte-identically (1.972541ms)
✔ real graph edges alone create filaments and duplicate-family creatures (0.759625ms)
✔ historical similarity families anchor to their latest real events (0.365583ms)
✔ provenance binds the released Palace thread_origin compatibility field (0.185167ms)
✔ production source uses the ruled Three stack and forbids random geometry (4.464375ms)
✔ the Rack exposes one file press path and projects only the validated record (1.124291ms)
✔ double press is deterministic and emits only CSS token data (16.424416ms)
✔ a low-contrast monochrome plate is refused with a named remedy (0.552584ms)
✔ stored colorways round-trip through the validated local data boundary (1.246333ms)
✔ renders a project path only after authoritative snapshot acknowledgement (0.624208ms)
✔ accepts canonical filesystem and legacy project paths and rejects ambiguous shapes (0.269042ms)
✔ lists known non-null paths without turning legacy null into a silent match (6.986292ms)
✔ changes project-editor identity when either thread or authoritative project changes (0.078334ms)
✔ re-renders project control from authoritative context at every reconciliation boundary (0.171875ms)
✔ chooses the newest existing thread for a project and no thread from another project (0.077375ms)
✔ the project-conflict message owns a shrinkable anywhere-wrapping flex item (8.753166ms)
✔ Project input Enter and form submit share one project-open path (1.199083ms)
✔ Project input commits an edited path when focus leaves the field (0.770875ms)
✔ Project control derives its visible draft from snapshot reconciliation (3.768959ms)
✔ Rack exposes only snapshot-acknowledged project bindings (1.446584ms)
✔ provider refusal wire detail and terminal voice stay distinct (6.866ms)
✔ reports an asynchronous rack action failure before rethrowing it (1.381417ms)
✔ does not report a rack action that reconciles successfully (0.107125ms)
✔ the module template enumerates the complete mounted stage and refuses a partial affordance (1.651375ms)
✔ Vitals moves, resizes inside manifest bounds, and restores from persisted layout (0.478709ms)
✔ panel edge resize trades with the neighbor under that edge (0.141875ms)
✔ production manifests and frames are wired through the shared template (4.936ms)
✔ rack iframe boundary strips private image material without mutating the host outbox (1.373125ms)
✔ recipe graph validates the visible frontier and lays dependencies left to right (0.949958ms)
✔ recipe graph refuses edges and frontier marks that invent graph truth (0.20925ms)
✔ completion grid keeps packet rows distinct and fuses dependency streams rightward (0.908625ms)
✔ recipe graph refuses a cycle instead of inventing completion order (0.7695ms)
✔ recipe module declares the annotated-sheet grammar and its complete data key (7.49075ms)
✔ admits only a same-thread error and snapshot while the barrier remains active (1.172375ms)
✔ preserves only a project-context conflict through snapshot reconciliation (0.090625ms)
✔ snap-touching modules form one transitive frame within their layer (0.676959ms)
✔ a local watcher sees only its frame while GLOBAL escapes position (0.069ms)
✔ parses conversation, model, reasoning, cache, and purpose rows without re-accounting (0.886083ms)
✔ keeps partial pricing explicit and rejects impossible receipt counts (0.252375ms)
✔ accepts an empty attuned slice and rejects duplicate conversation rows (0.68675ms)
✔ layer switching preserves independent camera and module layouts through reload (2.942541ms)
✔ module and layer removal round-trip exact retained state through the library (0.342709ms)
✔ whole-stage fit and off-screen classification use the same camera geometry (0.106333ms)
✔ off-screen recovery fits Recipe and Conversation stack at native scale inside 390 by 844 (0.229583ms)
✔ off-screen recovery preserves module size when centered geometry fits (0.085209ms)
✔ factory layers contain Graph and Injection as stage modules, never fixed tabs (0.0695ms)
✔ Palace State is mounted beside Spend and survives the shared library lifecycle (0.094708ms)
✔ Palace Nebula begins in the Graph library and migrates existing layouts once (0.217125ms)
✔ Memory Ingest is a factory Stage module and joins an existing v3 layout once (0.206709ms)
✔ Recipe joins the chosen layer from Library and round-trips its placement (0.115208ms)
✔ Spend can shrink to one cell and grow to the complete Stage grid (0.107042ms)
✔ Conversation, Context Bars, Spend, and Graph can each add independent Stage instances (0.205791ms)
✔ create layer appends one active empty tab without disturbing existing layers (0.126917ms)
✔ v4 Chat and Deck layouts migrate cleanly into focused and stack Conversation instances (0.1385ms)
✔ v2 layouts migrate into the centered fine coordinate space with screen geometry preserved (0.125208ms)
✔ the centered canvas is four times larger per axis and carries a subordinate fine grid (3.71475ms)
✔ every module and the stage-owned floating shells carry the shared chamfer language (0.91725ms)
✔ the Stage exposes a labelled one-click layer creator beside its tabs (0.645458ms)
✔ split-planning refusal with null optional provider fields is terminal (1.172125ms)
✔ context-limit remedy with null optional provider codes is terminal (0.068625ms)
✔ owner connection copy never claims whole-product health from the socket alone (0.601667ms)
✔ owner surfaces state the situation without daemon, factory, or link jargon (2.769459ms)
✔ The Deck exposes all three conductor interventions and an owner demand lineage (3.974ms)
✔ Symphony deliberation is human-fixed, signed, separately identified, and returned inline (5.337083ms)
✔ shared settings and descriptive hover tips have no strip-specific chrome escape (5.70025ms)
✔ archive is icon-compact while Model Device advertises its click action (1.019875ms)
✔ five theme identities remain closed with NEO-NOIR as the safe default (1.192166ms)
✔ stored theme and iframe query parsing fail closed to the worn default (0.254458ms)
✔ thread locality is exact at the wire and visible after project provenance (0.620375ms)
✔ recognizes and masks the retired fixture title through its migration fingerprint (0.661833ms)
✔ does not redact an owner thread or alter older cleanup recognition (0.067958ms)
✔ shortens a long generated title only at a complete-word boundary (0.04475ms)
✔ parses the exact server-provided vitals shape without re-accounting (1.66ms)
✔ accepts the exact current Vitals source and rejects unknown accounting sources (0.204542ms)
✔ parses honest partial resource measurements without inventing zeroes (0.090125ms)
✔ preserves exact decimal scale and distinguishes an unpriced point (0.086917ms)
✔ rejects unavailable gauges masquerading as measured zeroes (0.075917ms)
✔ finds scrub buckets and uses decimals only for SVG geometry (0.160208ms)
✔ does not invent a trend line across empty or unpriced minute buckets (0.551833ms)
✔ collapse reallocates rows instead of overlaying Chat (0.062583ms)
✔ narrow collapsed Vitals reserves its full row for learning before lower-priority cells (2.394709ms)
ℹ tests 133
ℹ suites 0
ℹ pass 133
ℹ fail 0
ℹ cancelled 0
ℹ skipped 0
ℹ todo 0
ℹ duration_ms 439.693959
