
> harness-web@0.1.0 test:unit
> node --experimental-strip-types --test tests/*.test.mjs

✔ queue decision payloads never claim a machine identity (1.149667ms)
✔ two Context Bars instances can attune to two different nearby threads (0.8825ms)
✔ drag geometry immediately reattunes a consumer (0.172125ms)
✔ an exact tie is random once and sticky until the layout changes (7.839375ms)
✔ a sticky tie pick survives reload but rejects malformed stored state (0.796167ms)
✔ layer distance participates in proximity with one unit per tab step (0.116833ms)
✔ conversation mode switches the same source between one thread and the Deck stack (0.10475ms)
✔ GLOBAL and zero-source ATTUNED badges state their exact truth (0.059333ms)
✔ the existing Tools detail exposes the latest browser screenshot (0.752875ms)
✔ app settings own the live theme, transcript backup, and layout controls (9.171834ms)
✔ module settings expose only bound scope controls and remove dead Palace scope (1.673833ms)
✔ internal implementation labels do not reach the owner surface (5.858583ms)
✔ focused Conversation does not reselect its already-authoritative thread before send (0.596125ms)
✔ formats money, percentages, and quantities for a glanceable instrument (1.175667ms)
✔ rejects non-decimal money and non-finite measurements (0.181041ms)
✔ names the owner-facing instrument Spend at the production manifest seam (4.514083ms)
✔ image preparation validates signature and emits canonical input plus compact view (5.921917ms)
✔ image preparation rejects every local invalidity with a usable remedy (1.151708ms)
✔ composer image UX is focus-scoped, accessible, reconnectable, and responsive (6.375792ms)
✔ lifecycle overlays return in one click while instruments live on the stage (5.618625ms)
✔ thread-list archive targets the existing extraction action by thread identity (1.442583ms)
✔ instrument remotes remain scrollable without being fixed host overlays (1.294458ms)
✔ Injection scope is owned by the shared module settings slot (1.560834ms)
✔ Run DEEP and Audition share explicit readable secondary-action states (2.245292ms)
✔ Graph and Injection remotes share a real viewport scroll container (3.819208ms)
✔ layout audit catches interactive overlap without rejecting shared edges (1.234584ms)
✔ layout audit reports clipped text independently of box collisions (0.070916ms)
✔ layout audit reports visual text collisions within each rendered surface (0.104ms)
✔ stage source keeps rare controls in settings and lets thread titles wrap in full (7.355041ms)
✔ presents server-authored learning truth in human numbers (0.799459ms)
✔ describes the first background retrain honestly before a durable run exists (0.07925ms)
✔ positions live and generation scores on one timeline without deriving either score (0.846209ms)
✔ does not invent a proposal score when weighted evidence is not recorded (0.072334ms)
✔ quiet refresh preserves controls until scope or active generation changes (1.119167ms)
✔ quiet progress refresh expires only a retrain notice and preserves owner interaction (0.180334ms)
✔ freezes the owner control copy (0.132291ms)
✔ extracts one shared telemetry view and refuses a missing learning view (0.133ms)
✔ the finished Deck keeps proposed replies same-turn, editable, ordered, and journaled (5.797875ms)
✔ keeps the highest-signal label when graph labels collide (1.323666ms)
✔ retains separated labels with non-overlapping boxes inside the graph viewbox (5.8055ms)
✔ rebinds a selected Graph node to the refreshed snapshot or clears it (0.612125ms)
✔ Graph node activation publishes memory identity without opening an overlay (6.777708ms)
✔ only exposes a Graph snapshot matching the pending scope and thread request (1.320459ms)
✔ does not query ATTUNED memory until a thread identity exists (2.230875ms)
✔ agent-file jump-start offers one explicit route into ordinary seed review (5.219583ms)
✔ Memory Ingest is a movable panel rather than a header control or lifecycle overlay (2.292625ms)
✔ judged Symphony batches reuse Palace Queue and retain explicit owner consent (1.212ms)
✔ curator proposals expose Palace activity and use only explicit queue decisions (2.226042ms)
✔ keeps the memory editor mounted for its authoritative save result (4.930542ms)
✔ nebula creates exactly one deterministic body per active memory (1.646333ms)
✔ activity and provenance modes produce different named data transforms (0.131625ms)
✔ memory current emits only real revision events and replays byte-identically (0.945333ms)
✔ real graph edges alone create filaments and duplicate-family creatures (0.265958ms)
✔ historical similarity families anchor to their latest real events (0.12125ms)
✔ provenance binds the released Palace thread_origin compatibility field (0.086042ms)
✔ production source uses the ruled Three stack and forbids random geometry (11.383583ms)
✔ the Rack exposes one file press path and projects only the validated record (1.180791ms)
✔ double press is deterministic and emits only CSS token data (15.875916ms)
✔ a low-contrast monochrome plate is refused with a named remedy (1.525458ms)
✔ stored colorways round-trip through the validated local data boundary (2.692375ms)
✔ renders a project path only after authoritative snapshot acknowledgement (0.62025ms)
✔ accepts canonical filesystem and legacy project paths and rejects ambiguous shapes (0.268292ms)
✔ lists known non-null paths without turning legacy null into a silent match (6.308041ms)
✔ changes project-editor identity when either thread or authoritative project changes (0.069375ms)
✔ re-renders project control from authoritative context at every reconciliation boundary (0.848125ms)
✔ chooses the newest existing thread for a project and no thread from another project (0.074667ms)
✔ the project-conflict message owns a shrinkable anywhere-wrapping flex item (6.234167ms)
✔ Project input Enter and form submit share one project-open path (0.974792ms)
✔ Project input commits an edited path when focus leaves the field (1.738459ms)
✔ Project control derives its visible draft from snapshot reconciliation (4.172459ms)
✔ Rack exposes only snapshot-acknowledged project bindings (1.107584ms)
✔ provider refusal wire detail and terminal voice stay distinct (8.755875ms)
✔ reports an asynchronous rack action failure before rethrowing it (1.728625ms)
✔ does not report a rack action that reconciles successfully (0.214334ms)
✔ the module template enumerates the complete mounted stage and refuses a partial affordance (1.629125ms)
✔ Vitals moves, resizes inside manifest bounds, and restores from persisted layout (0.491792ms)
✔ panel edge resize trades with the neighbor under that edge (0.123ms)
✔ production manifests and frames are wired through the shared template (3.316542ms)
✔ rack iframe boundary strips private image material without mutating the host outbox (3.049875ms)
✔ recipe graph validates the visible frontier and lays dependencies left to right (0.945125ms)
✔ recipe graph refuses edges and frontier marks that invent graph truth (0.203042ms)
✔ completion grid keeps packet rows distinct and fuses dependency streams rightward (1.566708ms)
✔ recipe graph refuses a cycle instead of inventing completion order (0.08075ms)
✔ recipe module declares the annotated-sheet grammar and its complete data key (9.058834ms)
✔ admits only a same-thread error and snapshot while the barrier remains active (1.49525ms)
✔ preserves only a project-context conflict through snapshot reconciliation (0.09125ms)
✔ snap-touching modules form one transitive frame within their layer (0.672416ms)
✔ a local watcher sees only its frame while GLOBAL escapes position (0.069875ms)
✔ parses conversation, model, reasoning, cache, and purpose rows without re-accounting (0.909833ms)
✔ keeps partial pricing explicit and rejects impossible receipt counts (0.260916ms)
✔ accepts an empty attuned slice and rejects duplicate conversation rows (0.688542ms)
✔ layer switching preserves independent camera and module layouts through reload (2.376333ms)
✔ module and layer removal round-trip exact retained state through the library (0.290917ms)
✔ whole-stage fit and off-screen classification use the same camera geometry (0.101708ms)
✔ off-screen recovery fits Recipe and Conversation stack at native scale inside 390 by 844 (0.21775ms)
✔ off-screen recovery preserves module size when centered geometry fits (0.076875ms)
✔ factory layers contain Graph and Injection as stage modules, never fixed tabs (0.066875ms)
✔ Palace State is mounted beside Spend and survives the shared library lifecycle (0.087166ms)
✔ Palace Nebula begins in the Graph library and migrates existing layouts once (0.180375ms)
✔ Memory Ingest is a factory Stage module and joins an existing v3 layout once (0.207167ms)
✔ Recipe joins the chosen layer from Library and round-trips its placement (0.112583ms)
✔ Spend can shrink to one cell and grow to the complete Stage grid (0.106916ms)
✔ Conversation, Context Bars, Spend, and Graph can each add independent Stage instances (0.224375ms)
✔ create layer appends one active empty tab without disturbing existing layers (0.122459ms)
✔ v4 Chat and Deck layouts migrate cleanly into focused and stack Conversation instances (0.134833ms)
✔ v2 layouts migrate into the centered fine coordinate space with screen geometry preserved (0.098042ms)
✔ the centered canvas is four times larger per axis and carries a subordinate fine grid (5.114709ms)
✔ every module and the stage-owned floating shells carry the shared chamfer language (1.065292ms)
✔ the Stage exposes a labelled one-click layer creator beside its tabs (0.665458ms)
✔ split-planning refusal with null optional provider fields is terminal (1.201833ms)
✔ context-limit remedy with null optional provider codes is terminal (0.075417ms)
✔ owner connection copy never claims whole-product health from the socket alone (0.630375ms)
✔ owner surfaces state the situation without daemon, factory, or link jargon (2.842542ms)
✔ The Deck exposes all three conductor interventions and an owner demand lineage (7.481083ms)
✔ Symphony deliberation is human-fixed, signed, separately identified, and returned inline (8.142791ms)
✔ shared settings and descriptive hover tips have no strip-specific chrome escape (8.036292ms)
✔ archive is icon-compact while Model Device advertises its click action (1.697292ms)
✔ five theme identities remain closed with NEO-NOIR as the safe default (1.198792ms)
✔ stored theme and iframe query parsing fail closed to the worn default (0.256208ms)
✔ thread locality is exact at the wire and visible after project provenance (0.638084ms)
✔ recognizes and masks the retired fixture title through its migration fingerprint (0.692958ms)
✔ does not redact an owner thread or alter older cleanup recognition (0.068666ms)
✔ shortens a long generated title only at a complete-word boundary (0.04425ms)
✔ parses the exact server-provided vitals shape without re-accounting (1.626417ms)
✔ accepts the exact current Vitals source and rejects unknown accounting sources (0.203417ms)
✔ parses honest partial resource measurements without inventing zeroes (0.076042ms)
✔ preserves exact decimal scale and distinguishes an unpriced point (0.103791ms)
✔ rejects unavailable gauges masquerading as measured zeroes (0.088667ms)
✔ finds scrub buckets and uses decimals only for SVG geometry (0.167041ms)
✔ does not invent a trend line across empty or unpriced minute buckets (0.562208ms)
✔ collapse reallocates rows instead of overlaying Chat (0.064083ms)
✔ narrow collapsed Vitals reserves its full row for learning before lower-priority cells (2.540083ms)
ℹ tests 132
ℹ suites 0
ℹ pass 132
ℹ fail 0
ℹ cancelled 0
ℹ skipped 0
ℹ todo 0
ℹ duration_ms 413.159
