   Building nocturne-memory @ file:///private/tmp/m3vl-workspace/spine
Downloading uvloop (1.3MiB)
Downloading pygments (1.2MiB)
Downloading sqlalchemy (2.1MiB)
Downloading pydantic-core (1.9MiB)
Downloading ruff (10.0MiB)
 Downloaded pygments
 Downloaded uvloop
 Downloaded pydantic-core
 Downloaded sqlalchemy
      Built nocturne-memory @ file:///private/tmp/m3vl-workspace/spine
 Downloaded ruff
Installed 49 packages in 76ms
........................................................................ [ 22%]
........................................................................ [ 44%]
........................................................................ [ 66%]
........................................................................ [ 89%]
..........................sss......                                      [100%]
=========================== short test summary info ============================
SKIPPED [1] tests/test_unbuilt_rules.py:6: r11-2: shared Palaces and revocable principal grants are horizon work
SKIPPED [1] tests/test_unbuilt_rules.py:12: r9-9: worker/local cost stores have not converged into the spend ledger
SKIPPED [1] tests/test_unbuilt_rules.py:18: r9-6: strongest curator model policy awaits SD-018
320 passed, 3 skipped in 35.90s
