Impact bell: M3VL -> /private/tmp/m3vl24-workspace/harness/verification/m3vl/impacted.json
  FL-070: Image input: paste an image and the agent reviews it. [PROTECTED: flagged corner only]
  FL-102: The Deck: a flashcard stack of terminals, cards colored to match their agents, only one card on top at a time (that project's agent's last response) to interact with, the next card popping up once you respond, ordered purely by which finished first. [PROTECTED: flagged corner only]
  FL-104: A draft response to the final synthesis that you tweak and fire, after which the stack switches to the agent that has waited longest for your attention. [PROTECTED: flagged corner only]
  FL-105: An Ableton-like rack: the shipped layout is only version one of the default opinion, and people can easily roll and add their own plugins and visualizers to the views from the ground up. [PROTECTED: flagged corner only]
  FL-110: Global or current on every module; current modules switch together with the work. [PROTECTED: flagged corner only]
  FL-115: Attunement to a specific stack beyond global and current. [PROTECTED: flagged corner only]
  FL-116: A module not set to global attunes by proximity, measured across tabs (a tab counting one unit) and grid position, ties picked at random, and it shows which thread or stack it is attuned to. [PROTECTED: flagged corner only]
  FL-117: A proposed reply prefilled and editable; queued prompts advance on Enter with a scrollable queue. [PROTECTED: flagged corner only]
  FL-120: One conversation module with stack and focused modes. [PROTECTED: flagged corner only]
  FL-127: Memories visualized in a cool tesseract-graph style. [PROTECTED: flagged corner only]
  FL-141: The visualization looks cool but is functional: it changes only when the underlying data or actual running processes change. [PROTECTED: flagged corner only]
  FL-046: A curation animation of its own, blended into the 3D palace.
  FL-075: Queuing prompts and interjecting or steering a running agent, like the modern harnesses do.
  FL-085: The work loop: spec alignment with the user, then the agent loop (optionally several agents in worktrees attempting the same thing), then the judge checks the work against the spec and either calls it done or sends another agent to continue or fix, and the human is only brought back in when the judge says done.
  FL-101: A Chromium browser-based interface, with a mobile front end wanted long term.
  FL-108: Resizable modules and a plugin-contributor skill shipped with the repo.
  FL-118: Out Loud mode: responses are read aloud and listen-triggered dictation is a primary way in, equal to typing, not an add-on.
  FL-123: Each main cube view as its own module with its own 3D asset.
  FL-126: The ant farm: the whole directory tree as chambered burrows with files as cells, zoomable, floating on black with a faint grid, showing worktrees.
  FL-129: Roots: every parallel agent across projects gets a root-like, naturally meandering flow growing horizontally from roughly its agent's location, with dead roots for active loops, tips seen end-on as grids of starts in the next rotation, clustered by project on the view opposite the ant farm.
  FL-130: A tree-search view reached by rotating the farm.
  FL-132: A time-order control that highlights new roots and moves the panels to the longest-waiting response.
  FL-133: A corner palace view with curators as ghosts moving through the database.
  FL-134: A way to see things being added or removed over time, as SolidWorks does, the project growing like an organic object.
  FL-138: The palace nebula (the memory palace visualization module) looks super liquid and smooth, with the upper end amazing and lesser hardware considered, and its colors and shapes change quickly when the user changes the axis connecting the memories.
  FL-139: The 3D memory palace shows curation as it happens: curators combining and separating memories in real time, tied to live feeds.
  FL-142: Constitution: A sheet mode: an annotated layout of the same views. (chat 2026-08-31 21:38:35)
  FL-184: A distinct module for scheduled jobs that makes them easy to monitor; the best visualization is still to be worked out.
  Unmapped: harness/DECISIONS.md (add a row or declare no feature impact)
  Unmapped: harness/tests/test_visualization.py (add a row or declare no feature impact)
  Unmapped: harness/verification/m3vl/FL-046.png (add a row or declare no feature impact)
  Unmapped: harness/verification/m3vl/FL-070.png (add a row or declare no feature impact)
  Unmapped: harness/verification/m3vl/FL-075.png (add a row or declare no feature impact)
  Unmapped: harness/verification/m3vl/FL-085.png (add a row or declare no feature impact)
  Unmapped: harness/verification/m3vl/FL-102.png (add a row or declare no feature impact)
  Unmapped: harness/verification/m3vl/FL-104.png (add a row or declare no feature impact)
  Unmapped: harness/verification/m3vl/FL-105.png (add a row or declare no feature impact)
  Unmapped: harness/verification/m3vl/FL-108.png (add a row or declare no feature impact)
  Unmapped: harness/verification/m3vl/FL-110.png (add a row or declare no feature impact)
  Unmapped: harness/verification/m3vl/FL-115.png (add a row or declare no feature impact)
  Unmapped: harness/verification/m3vl/FL-116.png (add a row or declare no feature impact)
  Unmapped: harness/verification/m3vl/FL-117.png (add a row or declare no feature impact)
  Unmapped: harness/verification/m3vl/FL-118.png (add a row or declare no feature impact)
  Unmapped: harness/verification/m3vl/FL-120.png (add a row or declare no feature impact)
  Unmapped: harness/verification/m3vl/FL-123.png (add a row or declare no feature impact)
  Unmapped: harness/verification/m3vl/FL-126-plate.png (add a row or declare no feature impact)
  Unmapped: harness/verification/m3vl/FL-126.png (add a row or declare no feature impact)
  Unmapped: harness/verification/m3vl/FL-127.png (add a row or declare no feature impact)
  Unmapped: harness/verification/m3vl/FL-129-plate.png (add a row or declare no feature impact)
  Unmapped: harness/verification/m3vl/FL-129.png (add a row or declare no feature impact)
  Unmapped: harness/verification/m3vl/FL-130.png (add a row or declare no feature impact)
  Unmapped: harness/verification/m3vl/FL-132.png (add a row or declare no feature impact)
  Unmapped: harness/verification/m3vl/FL-133-plate.png (add a row or declare no feature impact)
  Unmapped: harness/verification/m3vl/FL-133.png (add a row or declare no feature impact)
  Unmapped: harness/verification/m3vl/FL-134.png (add a row or declare no feature impact)
  Unmapped: harness/verification/m3vl/FL-138.png (add a row or declare no feature impact)
  Unmapped: harness/verification/m3vl/FL-139.png (add a row or declare no feature impact)
  Unmapped: harness/verification/m3vl/FL-141.png (add a row or declare no feature impact)
  Unmapped: harness/verification/m3vl/FL-142.png (add a row or declare no feature impact)
  Unmapped: harness/verification/m3vl/FL-184.png (add a row or declare no feature impact)
  Unmapped: harness/verification/m3vl/SHA256SUMS (add a row or declare no feature impact)
  Unmapped: harness/verification/m3vl/baseline-rack.png (add a row or declare no feature impact)
  Unmapped: harness/verification/m3vl/canon-packet.log (add a row or declare no feature impact)
  Unmapped: harness/verification/m3vl/canon-rebased.log (add a row or declare no feature impact)
  Unmapped: harness/verification/m3vl/canon.log (add a row or declare no feature impact)
  Unmapped: harness/verification/m3vl/curator-live.png (add a row or declare no feature impact)
  Unmapped: harness/verification/m3vl/farm-live.webm (add a row or declare no feature impact)
  Unmapped: harness/verification/m3vl/farm-module.png (add a row or declare no feature impact)
  Unmapped: harness/verification/m3vl/farm-recording-frame.png (add a row or declare no feature impact)
  Unmapped: harness/verification/m3vl/fresh/FL-126-plate.png (add a row or declare no feature impact)
  Unmapped: harness/verification/m3vl/fresh/FL-129-plate.png (add a row or declare no feature impact)
  Unmapped: harness/verification/m3vl/fresh/FL-133-plate.png (add a row or declare no feature impact)
  Unmapped: harness/verification/m3vl/fresh/after-work.json (add a row or declare no feature impact)
  Unmapped: harness/verification/m3vl/fresh/canon-final.log (add a row or declare no feature impact)
  Unmapped: harness/verification/m3vl/fresh/cleanup.json (add a row or declare no feature impact)
  Unmapped: harness/verification/m3vl/fresh/created.json (add a row or declare no feature impact)
  Unmapped: harness/verification/m3vl/fresh/curator-preparation.json (add a row or declare no feature impact)
  Unmapped: harness/verification/m3vl/fresh/curator-run.json (add a row or declare no feature impact)
  Unmapped: harness/verification/m3vl/fresh/farm-live.png (add a row or declare no feature impact)
  Unmapped: harness/verification/m3vl/fresh/farm-live.webm (add a row or declare no feature impact)
  Unmapped: harness/verification/m3vl/fresh/farm-recording-source.json (add a row or declare no feature impact)
  Unmapped: harness/verification/m3vl/fresh/final-curator-preparation.json (add a row or declare no feature impact)
  Unmapped: harness/verification/m3vl/fresh/final-curator-run.json (add a row or declare no feature impact)
  Unmapped: harness/verification/m3vl/fresh/final-live-feed.json (add a row or declare no feature impact)
  Unmapped: harness/verification/m3vl/fresh/first-cleanup.json (add a row or declare no feature impact)
  Unmapped: harness/verification/m3vl/fresh/first-curator-denied.json (add a row or declare no feature impact)
  Unmapped: harness/verification/m3vl/fresh/footer-bindings.txt (add a row or declare no feature impact)
  Unmapped: harness/verification/m3vl/fresh/gallery.html (add a row or declare no feature impact)
  Unmapped: harness/verification/m3vl/fresh/harness-final.log (add a row or declare no feature impact)
  Unmapped: harness/verification/m3vl/fresh/identity.json (add a row or declare no feature impact)
  Unmapped: harness/verification/m3vl/fresh/local-cleanup.json (add a row or declare no feature impact)
  Unmapped: harness/verification/m3vl/fresh/memory-final.log (add a row or declare no feature impact)
  Unmapped: harness/verification/m3vl/fresh/palace-corrected-recording-source.json (add a row or declare no feature impact)
  Unmapped: harness/verification/m3vl/fresh/palace-efficient-samples.json (add a row or declare no feature impact)
  Unmapped: harness/verification/m3vl/fresh/palace-efficient.png (add a row or declare no feature impact)
  Unmapped: harness/verification/m3vl/fresh/palace-final-recording-source.json (add a row or declare no feature impact)
  Unmapped: harness/verification/m3vl/fresh/palace-full.png (add a row or declare no feature impact)
  Unmapped: harness/verification/m3vl/fresh/palace-history.png (add a row or declare no feature impact)
  Unmapped: harness/verification/m3vl/fresh/palace-live.png (add a row or declare no feature impact)
  Unmapped: harness/verification/m3vl/fresh/palace-live.webm (add a row or declare no feature impact)
  Unmapped: harness/verification/m3vl/fresh/palace-recording-source.json (add a row or declare no feature impact)
  Unmapped: harness/verification/m3vl/fresh/plate-comparisons.json (add a row or declare no feature impact)
  Unmapped: harness/verification/m3vl/fresh/provenance.json (add a row or declare no feature impact)
  Unmapped: harness/verification/m3vl/fresh/render-refinement-curator-run.json (add a row or declare no feature impact)
  Unmapped: harness/verification/m3vl/fresh/render-refinement-restored.json (add a row or declare no feature impact)
  Unmapped: harness/verification/m3vl/fresh/retrievals.json (add a row or declare no feature impact)
  Unmapped: harness/verification/m3vl/fresh/roots-activity.webm (add a row or declare no feature impact)
  Unmapped: harness/verification/m3vl/fresh/roots-corrected-recording-source.json (add a row or declare no feature impact)
  Unmapped: harness/verification/m3vl/fresh/roots-efficient.png (add a row or declare no feature impact)
  Unmapped: harness/verification/m3vl/fresh/roots-full.png (add a row or declare no feature impact)
  Unmapped: harness/verification/m3vl/fresh/roots-live.png (add a row or declare no feature impact)
  Unmapped: harness/verification/m3vl/fresh/roots-live.webm (add a row or declare no feature impact)
  Unmapped: harness/verification/m3vl/fresh/roots-recording-source.json (add a row or declare no feature impact)
  Unmapped: harness/verification/m3vl/fresh/rules.log (add a row or declare no feature impact)
  Unmapped: harness/verification/m3vl/fresh/shared-history.txt (add a row or declare no feature impact)
  Unmapped: harness/verification/m3vl/fresh/shared-selection.txt (add a row or declare no feature impact)
  Unmapped: harness/verification/m3vl/fresh/stage.png (add a row or declare no feature impact)
  Unmapped: harness/verification/m3vl/fresh/static-checks.log (add a row or declare no feature impact)
  Unmapped: harness/verification/m3vl/fresh/web-build.log (add a row or declare no feature impact)
  Unmapped: harness/verification/m3vl/fresh/web-lint.log (add a row or declare no feature impact)
  Unmapped: harness/verification/m3vl/fresh/web-tests.log (add a row or declare no feature impact)
  Unmapped: harness/verification/m3vl/gallery-review.png (add a row or declare no feature impact)
  Unmapped: harness/verification/m3vl/gallery.html (add a row or declare no feature impact)
  Unmapped: harness/verification/m3vl/harness-final.log (add a row or declare no feature impact)
  Unmapped: harness/verification/m3vl/harness-ground.log (add a row or declare no feature impact)
  Unmapped: harness/verification/m3vl/harness-rebased.log (add a row or declare no feature impact)
  Unmapped: harness/verification/m3vl/ledger-report.json (add a row or declare no feature impact)
  Unmapped: harness/verification/m3vl/memory-final.log (add a row or declare no feature impact)
  Unmapped: harness/verification/m3vl/memory-ground.log (add a row or declare no feature impact)
  Unmapped: harness/verification/m3vl/memory-packaging-refreshed.log (add a row or declare no feature impact)
  Unmapped: harness/verification/m3vl/memory-rebased.log (add a row or declare no feature impact)
  Unmapped: harness/verification/m3vl/palace-efficient.png (add a row or declare no feature impact)
  Unmapped: harness/verification/m3vl/palace-full.png (add a row or declare no feature impact)
  Unmapped: harness/verification/m3vl/palace-idle.webm (add a row or declare no feature impact)
  Unmapped: harness/verification/m3vl/palace-live.webm (add a row or declare no feature impact)
  Unmapped: harness/verification/m3vl/palace-module.png (add a row or declare no feature impact)
  Unmapped: harness/verification/m3vl/palace-recording-frame.png (add a row or declare no feature impact)
  Unmapped: harness/verification/m3vl/receipts/curator-final-recording-run.json (add a row or declare no feature impact)
  Unmapped: harness/verification/m3vl/receipts/curator-final-render-run.json (add a row or declare no feature impact)
  Unmapped: harness/verification/m3vl/receipts/curator-recording-run.json (add a row or declare no feature impact)
  Unmapped: harness/verification/m3vl/receipts/curator-repair-run.json (add a row or declare no feature impact)
  Unmapped: harness/verification/m3vl/receipts/curator-run.json (add a row or declare no feature impact)
  Unmapped: harness/verification/m3vl/receipts/curator-targets.json (add a row or declare no feature impact)
  Unmapped: harness/verification/m3vl/receipts/idle-first.png (add a row or declare no feature impact)
  Unmapped: harness/verification/m3vl/receipts/idle-last.png (add a row or declare no feature impact)
  Unmapped: harness/verification/m3vl/receipts/idle-middle.png (add a row or declare no feature impact)
  Unmapped: harness/verification/m3vl/receipts/live-before-recording.json (add a row or declare no feature impact)
  Unmapped: harness/verification/m3vl/receipts/live-final.json (add a row or declare no feature impact)
  Unmapped: harness/verification/m3vl/receipts/local-cleanup.json (add a row or declare no feature impact)
  Unmapped: harness/verification/m3vl/receipts/memories-created.json (add a row or declare no feature impact)
  Unmapped: harness/verification/m3vl/receipts/palace-final-fps.json (add a row or declare no feature impact)
  Unmapped: harness/verification/m3vl/receipts/palace-fps.json (add a row or declare no feature impact)
  Unmapped: harness/verification/m3vl/receipts/palace-idle-frame-check.json (add a row or declare no feature impact)
  Unmapped: harness/verification/m3vl/receipts/palace-steady-fps.json (add a row or declare no feature impact)
  Unmapped: harness/verification/m3vl/receipts/palace-visible-fps.json (add a row or declare no feature impact)
  Unmapped: harness/verification/m3vl/receipts/plate-comparisons.json (add a row or declare no feature impact)
  Unmapped: harness/verification/m3vl/receipts/provenance.json (add a row or declare no feature impact)
  Unmapped: harness/verification/m3vl/receipts/queue-before-final-recording.json (add a row or declare no feature impact)
  Unmapped: harness/verification/m3vl/receipts/queue-before-recording.json (add a row or declare no feature impact)
  Unmapped: harness/verification/m3vl/receipts/recording-preparation.json (add a row or declare no feature impact)
  Unmapped: harness/verification/m3vl/receipts/recordings.json (add a row or declare no feature impact)
  Unmapped: harness/verification/m3vl/receipts/remote-cleanup.json (add a row or declare no feature impact)
  Unmapped: harness/verification/m3vl/receipts/retrieval-history.json (add a row or declare no feature impact)
  Unmapped: harness/verification/m3vl/receipts/scoped-cleanup-check.json (add a row or declare no feature impact)
  Unmapped: harness/verification/m3vl/roots-live.webm (add a row or declare no feature impact)
  Unmapped: harness/verification/m3vl/roots-module.png (add a row or declare no feature impact)
  Unmapped: harness/verification/m3vl/roots-recording-frame.png (add a row or declare no feature impact)
  Unmapped: harness/verification/m3vl/roots-sheet.png (add a row or declare no feature impact)
  Unmapped: harness/verification/m3vl/roots-stage.png (add a row or declare no feature impact)
  Unmapped: harness/verification/m3vl/rules-rebased.log (add a row or declare no feature impact)
  Unmapped: harness/verification/m3vl/rules.log (add a row or declare no feature impact)
  Unmapped: harness/verification/m3vl/static-checks.log (add a row or declare no feature impact)
  Unmapped: harness/verification/m3vl/web-build.log (add a row or declare no feature impact)
  Unmapped: harness/verification/m3vl/web-rebased-build.log (add a row or declare no feature impact)
  Unmapped: harness/verification/m3vl/web-rebased-lint.log (add a row or declare no feature impact)
  Unmapped: harness/verification/m3vl/web-rebased-tests.log (add a row or declare no feature impact)
  Unmapped: harness/verification/m3vl/web-tests.log (add a row or declare no feature impact)
  Unmapped: harness/web/dist/assets/index-4Z9KdWsT.js (add a row or declare no feature impact)
  Unmapped: harness/web/dist/assets/index-BOUS3sOi.js (add a row or declare no feature impact)
  Unmapped: harness/web/dist/assets/index-C-Dd8gOj.js (add a row or declare no feature impact)
  Unmapped: harness/web/dist/assets/index-CLILYuXf.css (add a row or declare no feature impact)
  Unmapped: harness/web/dist/assets/index-DS65beS5.css (add a row or declare no feature impact)
  Unmapped: harness/web/dist/index.html (add a row or declare no feature impact)
  Unmapped: harness/web/src/ChromeEnvironment.tsx (add a row or declare no feature impact)
  Unmapped: harness/web/tests/palaceNebula.test.mjs (add a row or declare no feature impact)
  Unmapped: harness/web/tests/visualization.test.mjs (add a row or declare no feature impact)
Ledger coverage PASS: 27 required rows
