# 2026-10-01T01:35:29Z  nocturne palace drop test-m3lv (scratch home, after 'palace use main'; the typed name on stdin)
Traceback (most recent call last):
  File "/private/tmp/m3lv-work/harness/.venv/bin/nocturne", line 10, in <module>
    sys.exit(main())
             ^^^^^^
  File "/private/tmp/m3lv-work/harness/src/harness/cli.py", line 214, in main
    return palace_nocturne(args.palace_action, getattr(args, "name", None), stdout=stdout)
           ^^^^^^^^^^^^^^^^^^^^^^^^^^^^^^^^^^^^^^^^^^^^^^^^^^^^^^^^^^^^^^^^^^^^^^^^^^^^^^^
  File "/private/tmp/m3lv-work/harness/src/harness/palaces.py", line 347, in palace_nocturne
    count = cloud.memory_count(record)
            ^^^^^^^^^^^^^^^^^^^^^^^^^^
  File "/private/tmp/m3lv-work/harness/src/harness/palaces.py", line 220, in memory_count
    return asyncio.run(count(self.database_url(record["database"], port)))
           ^^^^^^^^^^^^^^^^^^^^^^^^^^^^^^^^^^^^^^^^^^^^^^^^^^^^^^^^^^^^^^^
  File "/Users/nateoswalt/.local/share/uv/python/cpython-3.12.9-macos-aarch64-none/lib/python3.12/asyncio/runners.py", line 195, in run
    return runner.run(main)
           ^^^^^^^^^^^^^^^^
  File "/Users/nateoswalt/.local/share/uv/python/cpython-3.12.9-macos-aarch64-none/lib/python3.12/asyncio/runners.py", line 118, in run
    return self._loop.run_until_complete(task)
           ^^^^^^^^^^^^^^^^^^^^^^^^^^^^^^^^^^^
  File "/Users/nateoswalt/.local/share/uv/python/cpython-3.12.9-macos-aarch64-none/lib/python3.12/asyncio/base_events.py", line 691, in run_until_complete
    return future.result()
           ^^^^^^^^^^^^^^^
  File "/private/tmp/m3lv-work/harness/src/harness/palaces.py", line 208, in count
    connection = await asyncpg.connect(url.replace("postgresql+asyncpg:", "postgresql:"))
                 ^^^^^^^^^^^^^^^^^^^^^^^^^^^^^^^^^^^^^^^^^^^^^^^^^^^^^^^^^^^^^^^^^^^^^^^^
  File "/private/tmp/m3lv-work/harness/.venv/lib/python3.12/site-packages/asyncpg/connection.py", line 2443, in connect
    return await connect_utils._connect(
           ^^^^^^^^^^^^^^^^^^^^^^^^^^^^^
  File "/private/tmp/m3lv-work/harness/.venv/lib/python3.12/site-packages/asyncpg/connect_utils.py", line 1249, in _connect
    raise last_error or exceptions.TargetServerAttributeNotMatched(
  File "/private/tmp/m3lv-work/harness/.venv/lib/python3.12/site-packages/asyncpg/connect_utils.py", line 1218, in _connect
    conn = await _connect_addr(
           ^^^^^^^^^^^^^^^^^^^^
  File "/private/tmp/m3lv-work/harness/.venv/lib/python3.12/site-packages/asyncpg/connect_utils.py", line 1054, in _connect_addr
    return await __connect_addr(params, True, *args)
           ^^^^^^^^^^^^^^^^^^^^^^^^^^^^^^^^^^^^^^^^^
  File "/private/tmp/m3lv-work/harness/.venv/lib/python3.12/site-packages/asyncpg/connect_utils.py", line 1099, in __connect_addr
    tr, pr = await connector
             ^^^^^^^^^^^^^^^
  File "/private/tmp/m3lv-work/harness/.venv/lib/python3.12/site-packages/asyncpg/connect_utils.py", line 977, in _create_ssl_connection
    do_ssl_upgrade = await pr.on_data
                     ^^^^^^^^^^^^^^^^
  File "/Users/nateoswalt/.local/share/uv/python/cpython-3.12.9-macos-aarch64-none/lib/python3.12/asyncio/selector_events.py", line 1013, in _read_ready__data_received
    data = self._sock.recv(self.max_size)
           ^^^^^^^^^^^^^^^^^^^^^^^^^^^^^^
ConnectionResetError: [Errno 54] Connection reset by peer
exit=1
