
> harness-web@0.1.0 test:unit
> node --experimental-strip-types --test tests/*.test.mjs

✔ queue decision payloads never claim a machine identity (1.167208ms)
(node:96602) Warning: `--localstorage-file` was provided without a valid path
(Use `node --trace-warnings ...` to show where the warning was created)
✔ a named stack remains bound across movement and persisted layout reload (1.989167ms)
✔ an unavailable named stack stays unattuned and Everything still overrides it (0.120625ms)
✔ two Context Bars instances can attune to two different nearby threads (0.084958ms)
✔ drag geometry immediately reattunes a consumer (0.158459ms)
✔ an exact tie is random once and sticky until the layout changes (6.527625ms)
✔ a sticky tie pick survives reload but rejects malformed stored state (0.150667ms)
✔ layer distance participates in proximity with one unit per tab step (0.078ms)
✔ conversation mode switches the same source between one thread and the Deck stack (0.08775ms)
✔ GLOBAL and zero-source ATTUNED badges state their exact truth (0.061917ms)
✔ the conversation exposes the screenshot without opening its binary diagnostics (0.762667ms)
✔ renders URL-safe binary as an image and elides nested diagnostic copies without mutation (0.195792ms)
✔ app settings own the live theme, transcript backup, and layout controls (9.945459ms)
✔ module settings expose only bound scope controls and remove dead Palace scope (1.039583ms)
✔ internal implementation labels do not reach the owner surface (57.76925ms)
✔ snapshot and connection walls quote their actual error messages (87.586125ms)
✔ module host wall rejects external origins and accepts a local port (6.032542ms)
✔ focused Conversation does not reselect its already-authoritative thread before send (0.631916ms)
✔ formats money, percentages, and quantities for a glanceable instrument (1.159333ms)
✔ rejects non-decimal money and non-finite measurements (0.181334ms)
✔ names the owner-facing instrument Spend at the production manifest seam (8.12725ms)
✔ image preparation validates signature and emits canonical input plus compact view (11.302416ms)
✔ image preparation rejects every local invalidity with a usable remedy (1.251042ms)
✔ composer image UX is focus-scoped, accessible, reconnectable, and responsive (5.402041ms)
✔ lifecycle overlays return in one click while instruments live on the stage (8.070291ms)
✔ thread-list archive targets the existing extraction action by thread identity (4.669583ms)
✔ instrument remotes remain scrollable without being fixed host overlays (1.272958ms)
✔ Injection scope is owned by the shared module settings slot (1.334416ms)
✔ Run DEEP and Audition share explicit readable secondary-action states (2.067625ms)
✔ Graph and Injection remotes share a real viewport scroll container (4.312875ms)
✔ layout audit catches interactive overlap without rejecting shared edges (1.23525ms)
✔ layout audit reports clipped text independently of box collisions (0.068875ms)
✔ layout audit reports visual text collisions within each rendered surface (0.1015ms)
✔ stage source keeps rare controls in settings and lets thread titles wrap in full (14.566583ms)
✔ presents server-authored learning truth in human numbers (1.566291ms)
✔ describes the first background retrain honestly before a durable run exists (0.087458ms)
✔ positions live and generation scores on one timeline without deriving either score (0.882416ms)
✔ does not invent a proposal score when weighted evidence is not recorded (0.077583ms)
✔ quiet refresh preserves controls until scope or active generation changes (0.087667ms)
✔ quiet progress refresh expires only a retrain notice and preserves owner interaction (1.585333ms)
✔ freezes the owner control copy (0.212208ms)
✔ extracts one shared telemetry view and refuses a missing learning view (2.222416ms)
✔ the finished Deck keeps proposed replies same-turn, editable, ordered, and journaled (8.869917ms)
✔ keeps the highest-signal label when graph labels collide (1.322792ms)
✔ retains separated labels with non-overlapping boxes inside the graph viewbox (7.957916ms)
✔ rebinds a selected Graph node to the refreshed snapshot or clears it (2.287ms)
✔ Graph node activation publishes memory identity without opening an overlay (13.35325ms)
✔ only exposes a Graph snapshot matching the pending scope and thread request (0.746292ms)
✔ does not query ATTUNED memory until a thread identity exists (4.263292ms)
✔ agent-file jump-start offers one explicit route into ordinary seed review (3.752417ms)
✔ Memory Ingest is a movable panel rather than a header control or lifecycle overlay (3.516209ms)
✔ judged Symphony batches reuse Palace Queue and retain explicit owner consent (1.518541ms)
✔ curator proposals expose Palace activity and use only explicit queue decisions (1.00675ms)
✔ keeps the memory editor mounted for its authoritative save result (5.510125ms)
✔ nebula creates exactly one deterministic body per active memory (1.563625ms)
✔ activity and provenance modes produce different named data transforms (0.1585ms)
✔ memory current emits only real revision events and replays byte-identically (0.399583ms)
✔ real graph edges alone create filaments and duplicate-family creatures (10.511166ms)
✔ historical similarity families anchor to their latest real events (0.194834ms)
✔ provenance binds the released Palace thread_origin compatibility field (0.094834ms)
✔ production source uses the ruled Three stack and forbids random geometry (10.609042ms)
✔ the Rack exposes one file press path and projects only the validated record (1.198334ms)
✔ double press is deterministic and emits only CSS token data (19.963875ms)
✔ a low-contrast monochrome plate is refused with a named remedy (0.62375ms)
✔ stored colorways round-trip through the validated local data boundary (1.398875ms)
✔ renders a project path only after authoritative snapshot acknowledgement (0.639208ms)
✔ accepts canonical filesystem and legacy project paths and rejects ambiguous shapes (0.271208ms)
✔ lists known non-null paths without turning legacy null into a silent match (6.3ms)
✔ changes project-editor identity when either thread or authoritative project changes (0.073042ms)
✔ re-renders project control from authoritative context at every reconciliation boundary (0.157084ms)
✔ chooses the newest existing thread for a project and no thread from another project (11.193959ms)
✔ the project-conflict message owns a shrinkable anywhere-wrapping flex item (5.47625ms)
✔ Project input Enter and form submit share one project-open path (0.707917ms)
✔ Project input commits an edited path when focus leaves the field (0.607042ms)
✔ Project control derives its visible draft from snapshot reconciliation (1.213ms)
✔ Rack exposes only snapshot-acknowledged project bindings (1.003625ms)
✔ provider refusal wire detail and terminal voice stay distinct (3.697625ms)
✔ reports an asynchronous rack action failure before rethrowing it (1.341584ms)
✔ does not report a rack action that reconciles successfully (0.103042ms)
✔ bridge message kinds stay closed and only control manifests receive scorer writes (25.509083ms)
(node:96626) Warning: `--localstorage-file` was provided without a valid path
(Use `node --trace-warnings ...` to show where the warning was created)
✔ the module template enumerates the complete mounted stage and refuses a partial affordance (3.633166ms)
✔ Vitals moves, resizes inside manifest bounds, and restores from persisted layout (0.534625ms)
✔ panel edge resize trades with the neighbor under that edge (0.153791ms)
✔ production manifests and frames are wired through the shared template (6.541667ms)
(node:96627) Warning: `--localstorage-file` was provided without a valid path
(Use `node --trace-warnings ...` to show where the warning was created)
✔ custom bundles cannot replace built-in modules and retain the isolated document policy (0.78ms)
✔ an imported plugin keeps its Stage placement across reload (1.276292ms)
✔ rack iframe boundary strips private image material without mutating the host outbox (1.342291ms)
✔ recipe graph validates the visible frontier and lays dependencies left to right (1.578541ms)
✔ recipe graph refuses edges and frontier marks that invent graph truth (0.208917ms)
✔ completion grid keeps packet rows distinct and fuses dependency streams rightward (0.932417ms)
✔ recipe graph refuses a cycle instead of inventing completion order (1.297666ms)
✔ recipe module declares the annotated-sheet grammar and its complete data key (7.369792ms)
✔ admits only a same-thread error and snapshot while the barrier remains active (1.191417ms)
✔ preserves only a project-context conflict through snapshot reconciliation (0.091875ms)
✔ snap-touching modules form one transitive frame within their layer (0.692833ms)
✔ a local watcher sees only its frame while GLOBAL escapes position (0.072ms)
✔ parses conversation, model, reasoning, cache, and purpose rows without re-accounting (0.939584ms)
✔ keeps partial pricing explicit and rejects impossible receipt counts (0.26225ms)
✔ accepts an empty attuned slice and rejects duplicate conversation rows (1.499042ms)
(node:96634) Warning: `--localstorage-file` was provided without a valid path
(Use `node --trace-warnings ...` to show where the warning was created)
✔ layer switching preserves independent camera and module layouts through reload (5.112666ms)
✔ module and layer removal round-trip exact retained state through the library (0.379375ms)
✔ whole-stage fit and off-screen classification use the same camera geometry (0.086041ms)
✔ off-screen recovery fits Recipe and Conversation stack at native scale inside 390 by 844 (0.239042ms)
✔ off-screen recovery preserves module size when centered geometry fits (0.085416ms)
✔ factory layers contain Graph and Injection as stage modules, never fixed tabs (0.069ms)
✔ three visualization modules move from the library without duplicate stored identities (0.231792ms)
✔ Palace State is mounted beside Spend and survives the shared library lifecycle (0.087042ms)
✔ Palace Nebula begins in the Graph library and migrates existing layouts once (0.174917ms)
✔ Memory Ingest is a factory Stage module and joins an existing v3 layout once (0.233792ms)
✔ Recipe joins the chosen layer from Library and round-trips its placement (0.094291ms)
✔ Spend can shrink to one cell and grow to the complete Stage grid (0.099417ms)
✔ Conversation, Context Bars, Spend, and Graph can each add independent Stage instances (0.239917ms)
✔ create layer appends one active empty tab without disturbing existing layers (0.09825ms)
✔ v4 Chat and Deck layouts migrate cleanly into focused and stack Conversation instances (0.143375ms)
✔ v2 layouts migrate into the centered fine coordinate space with screen geometry preserved (0.11575ms)
(node:96635) Warning: `--localstorage-file` was provided without a valid path
(Use `node --trace-warnings ...` to show where the warning was created)
✔ the centered canvas is four times larger per axis and carries a subordinate fine grid (3.866083ms)
✔ every module and the stage-owned floating shells carry the shared chamfer language (1.688708ms)
✔ the Stage exposes a labelled one-click layer creator beside its tabs (1.221667ms)
✔ split-planning refusal with null optional provider fields is terminal (1.190458ms)
✔ context-limit remedy with null optional provider codes is terminal (0.067292ms)
✔ owner connection copy never claims whole-product health from the socket alone (0.554417ms)
✔ source tree product copy rejects internal words and work identifiers (87.115666ms)
✔ owner surfaces state the situation without daemon, factory, or link jargon (2.826167ms)
✔ The Deck exposes all three conductor interventions and an owner demand lineage (5.603041ms)
✔ Symphony deliberation is human-fixed, signed, separately identified, and returned inline (10.301458ms)
✔ shared settings and descriptive hover tips have no strip-specific chrome escape (8.233416ms)
✔ archive is icon-compact while Model Device advertises its click action (3.895916ms)
✔ five theme identities remain closed with NEO-NOIR as the safe default (1.261375ms)
✔ stored theme and iframe query parsing fail closed to the worn default (0.264166ms)
✔ thread locality is exact at the wire and visible after project provenance (0.67075ms)
✔ recognizes and masks the retired fixture title through its migration fingerprint (0.651291ms)
✔ does not redact an owner thread or alter older cleanup recognition (0.069292ms)
✔ shortens a long generated title only at a complete-word boundary (0.047125ms)
✔ directory layout preserves every chamber and cell and replays identically (1.606334ms)
✔ roots grow only to their recorded end and preserve identity on replay (0.201583ms)
✔ parses the exact server-provided vitals shape without re-accounting (1.901ms)
✔ accepts the exact current Vitals source and rejects unknown accounting sources (0.210459ms)
✔ parses honest partial resource measurements without inventing zeroes (0.082334ms)
✔ preserves exact decimal scale and distinguishes an unpriced point (0.098083ms)
✔ rejects unavailable gauges masquerading as measured zeroes (0.083125ms)
✔ finds scrub buckets and uses decimals only for SVG geometry (0.181334ms)
✔ does not invent a trend line across empty or unpriced minute buckets (0.617333ms)
✔ collapse reallocates rows instead of overlaying Chat (0.072958ms)
✔ narrow collapsed Vitals reserves its full row for learning before lower-priority cells (2.561625ms)
ℹ tests 144
ℹ suites 0
ℹ pass 144
ℹ fail 0
ℹ cancelled 0
ℹ skipped 0
ℹ todo 0
ℹ duration_ms 687.665416
