
> harness-web@0.1.0 test:unit
> node --experimental-strip-types --test tests/*.test.mjs

✔ queue decision payloads never claim a machine identity (1.184417ms)
(node:3283) Warning: `--localstorage-file` was provided without a valid path
(Use `node --trace-warnings ...` to show where the warning was created)
✔ a named stack remains bound across movement and persisted layout reload (1.694375ms)
✔ an unavailable named stack stays unattuned and Everything still overrides it (0.15025ms)
✔ two Context Bars instances can attune to two different nearby threads (0.093625ms)
✔ drag geometry immediately reattunes a consumer (0.269417ms)
✔ an exact tie is random once and sticky until the layout changes (6.528208ms)
✔ a sticky tie pick survives reload but rejects malformed stored state (0.146208ms)
✔ layer distance participates in proximity with one unit per tab step (0.074ms)
✔ conversation mode switches the same source between one thread and the Deck stack (0.08925ms)
✔ GLOBAL and zero-source ATTUNED badges state their exact truth (0.066ms)
✔ the conversation exposes the screenshot without opening its binary diagnostics (14.606625ms)
✔ renders URL-safe binary as an image and elides nested diagnostic copies without mutation (0.946958ms)
✔ app settings own the live theme, transcript backup, and layout controls (24.234583ms)
✔ module settings expose only bound scope controls and remove dead Palace scope (5.929333ms)
✔ internal implementation labels do not reach the owner surface (78.9805ms)
✔ snapshot and connection walls quote their actual error messages (95.224958ms)
✔ module host wall rejects external origins and accepts a local port (6.055958ms)
✔ focused Conversation does not reselect its already-authoritative thread before send (0.60525ms)
✔ formats money, percentages, and quantities for a glanceable instrument (2.668917ms)
✔ rejects non-decimal money and non-finite measurements (0.206333ms)
✔ names the owner-facing instrument Spend at the production manifest seam (4.209875ms)
✔ image preparation validates signature and emits canonical input plus compact view (8.943959ms)
✔ image preparation rejects every local invalidity with a usable remedy (1.07725ms)
✔ composer image UX is focus-scoped, accessible, reconnectable, and responsive (6.296833ms)
✔ lifecycle overlays return in one click while instruments live on the stage (9.166583ms)
✔ thread-list archive targets the existing extraction action by thread identity (2.039791ms)
✔ instrument remotes remain scrollable without being fixed host overlays (2.003334ms)
✔ Injection scope is owned by the shared module settings slot (2.982584ms)
✔ Run DEEP and Audition share explicit readable secondary-action states (3.137167ms)
✔ Graph and Injection remotes share a real viewport scroll container (5.505625ms)
✔ layout audit catches interactive overlap without rejecting shared edges (1.249542ms)
✔ layout audit reports clipped text independently of box collisions (0.069084ms)
✔ layout audit reports visual text collisions within each rendered surface (0.099125ms)
✔ stage source keeps rare controls in settings and lets thread titles wrap in full (8.040708ms)
✔ presents server-authored learning truth in human numbers (2.241625ms)
✔ describes the first background retrain honestly before a durable run exists (0.0985ms)
✔ positions live and generation scores on one timeline without deriving either score (0.925ms)
✔ does not invent a proposal score when weighted evidence is not recorded (0.092625ms)
✔ quiet refresh preserves controls until scope or active generation changes (0.090834ms)
✔ quiet progress refresh expires only a retrain notice and preserves owner interaction (0.743791ms)
✔ freezes the owner control copy (0.041291ms)
✔ extracts one shared telemetry view and refuses a missing learning view (0.07475ms)
✔ the finished Deck keeps proposed replies same-turn, editable, ordered, and journaled (6.309667ms)
✔ keeps the highest-signal label when graph labels collide (1.359333ms)
✔ retains separated labels with non-overlapping boxes inside the graph viewbox (38.314083ms)
✔ rebinds a selected Graph node to the refreshed snapshot or clears it (0.629916ms)
✔ Graph node activation publishes memory identity without opening an overlay (20.649708ms)
✔ only exposes a Graph snapshot matching the pending scope and thread request (0.840458ms)
✔ does not query ATTUNED memory until a thread identity exists (3.098958ms)
✔ agent-file jump-start offers one explicit route into ordinary seed review (6.184084ms)
✔ Memory Ingest is a movable panel rather than a header control or lifecycle overlay (1.060083ms)
✔ judged Symphony batches reuse Palace Queue and retain explicit owner consent (1.321791ms)
✔ curator proposals expose Palace activity and use only explicit queue decisions (1.450916ms)
✔ keeps the memory editor mounted for its authoritative save result (4.719125ms)
✔ nebula creates exactly one deterministic body per active memory (4.389333ms)
✔ activity and provenance modes produce different named data transforms (0.180917ms)
✔ memory current emits only real revision events and replays byte-identically (1.583583ms)
✔ real graph edges alone create filaments and duplicate-family creatures (0.291209ms)
✔ historical similarity families anchor to their latest real events (0.127708ms)
✔ provenance binds the released Palace thread_origin compatibility field (0.080083ms)
✔ production source uses the ruled Three stack and forbids random geometry (4.640667ms)
✔ the Rack exposes one file press path and projects only the validated record (1.325ms)
✔ double press is deterministic and emits only CSS token data (28.385666ms)
✔ a low-contrast monochrome plate is refused with a named remedy (1.515583ms)
✔ stored colorways round-trip through the validated local data boundary (2.659916ms)
✔ renders a project path only after authoritative snapshot acknowledgement (0.632709ms)
✔ accepts canonical filesystem and legacy project paths and rejects ambiguous shapes (0.272584ms)
✔ lists known non-null paths without turning legacy null into a silent match (11.612292ms)
✔ changes project-editor identity when either thread or authoritative project changes (0.08025ms)
✔ re-renders project control from authoritative context at every reconciliation boundary (4.403ms)
✔ chooses the newest existing thread for a project and no thread from another project (3.702875ms)
✔ the project-conflict message owns a shrinkable anywhere-wrapping flex item (9.510333ms)
✔ Project input Enter and form submit share one project-open path (0.949917ms)
✔ Project input commits an edited path when focus leaves the field (1.153417ms)
✔ Project control derives its visible draft from snapshot reconciliation (1.310375ms)
✔ Rack exposes only snapshot-acknowledged project bindings (3.510333ms)
✔ provider refusal wire detail and terminal voice stay distinct (5.407667ms)
✔ reports an asynchronous rack action failure before rethrowing it (1.400792ms)
✔ does not report a rack action that reconciles successfully (0.104375ms)
✔ bridge message kinds stay closed and only control manifests receive scorer writes (45.140292ms)
(node:3307) Warning: `--localstorage-file` was provided without a valid path
(Use `node --trace-warnings ...` to show where the warning was created)
✔ the module template enumerates the complete mounted stage and refuses a partial affordance (2.052583ms)
✔ Vitals moves, resizes inside manifest bounds, and restores from persisted layout (0.535958ms)
✔ panel edge resize trades with the neighbor under that edge (0.1305ms)
✔ production manifests and frames are wired through the shared template (4.013167ms)
(node:3308) Warning: `--localstorage-file` was provided without a valid path
(Use `node --trace-warnings ...` to show where the warning was created)
✔ custom bundles cannot replace built-in modules and retain the isolated document policy (0.773709ms)
✔ an imported plugin keeps its Stage placement across reload (1.869125ms)
✔ rack iframe boundary strips private image material without mutating the host outbox (2.290667ms)
✔ recipe graph validates the visible frontier and lays dependencies left to right (1.022667ms)
✔ recipe graph refuses edges and frontier marks that invent graph truth (0.219083ms)
✔ completion grid keeps packet rows distinct and fuses dependency streams rightward (0.933458ms)
✔ recipe graph refuses a cycle instead of inventing completion order (0.085625ms)
✔ recipe module declares the annotated-sheet grammar and its complete data key (6.832333ms)
✔ admits only a same-thread error and snapshot while the barrier remains active (1.166ms)
✔ preserves only a project-context conflict through snapshot reconciliation (0.091375ms)
✔ snap-touching modules form one transitive frame within their layer (0.689792ms)
✔ a local watcher sees only its frame while GLOBAL escapes position (0.069958ms)
✔ parses conversation, model, reasoning, cache, and purpose rows without re-accounting (0.9395ms)
✔ keeps partial pricing explicit and rejects impossible receipt counts (0.693875ms)
✔ accepts an empty attuned slice and rejects duplicate conversation rows (0.80025ms)
(node:3314) Warning: `--localstorage-file` was provided without a valid path
(Use `node --trace-warnings ...` to show where the warning was created)
✔ layer switching preserves independent camera and module layouts through reload (2.578375ms)
✔ module and layer removal round-trip exact retained state through the library (0.359041ms)
✔ whole-stage fit and off-screen classification use the same camera geometry (0.083334ms)
✔ off-screen recovery fits Recipe and Conversation stack at native scale inside 390 by 844 (0.226583ms)
✔ off-screen recovery preserves module size when centered geometry fits (0.087125ms)
✔ factory layers contain Graph and Injection as stage modules, never fixed tabs (0.067917ms)
✔ three visualization modules move from the library without duplicate stored identities (0.222541ms)
✔ Palace State is mounted beside Spend and survives the shared library lifecycle (0.090875ms)
✔ Palace Nebula begins in the Graph library and migrates existing layouts once (0.178333ms)
✔ Memory Ingest is a factory Stage module and joins an existing v3 layout once (0.377625ms)
✔ Recipe joins the chosen layer from Library and round-trips its placement (0.128792ms)
✔ Spend can shrink to one cell and grow to the complete Stage grid (0.11175ms)
✔ Conversation, Context Bars, Spend, and Graph can each add independent Stage instances (0.257292ms)
✔ create layer appends one active empty tab without disturbing existing layers (0.098ms)
✔ v4 Chat and Deck layouts migrate cleanly into focused and stack Conversation instances (0.163ms)
✔ v2 layouts migrate into the centered fine coordinate space with screen geometry preserved (0.117417ms)
(node:3315) Warning: `--localstorage-file` was provided without a valid path
(Use `node --trace-warnings ...` to show where the warning was created)
✔ the centered canvas is four times larger per axis and carries a subordinate fine grid (3.205583ms)
✔ every module and the stage-owned floating shells carry the shared chamfer language (2.929625ms)
✔ the Stage exposes a labelled one-click layer creator beside its tabs (3.222875ms)
✔ split-planning refusal with null optional provider fields is terminal (1.157625ms)
✔ context-limit remedy with null optional provider codes is terminal (0.067542ms)
✔ owner connection copy never claims whole-product health from the socket alone (0.559583ms)
✔ source tree product copy rejects internal words and work identifiers (89.011792ms)
✔ owner surfaces state the situation without daemon, factory, or link jargon (2.765792ms)
✔ The Deck exposes all three conductor interventions and an owner demand lineage (12.587709ms)
✔ Symphony deliberation is human-fixed, signed, separately identified, and returned inline (5.773625ms)
✔ shared settings and descriptive hover tips have no strip-specific chrome escape (5.264792ms)
✔ archive is icon-compact while Model Device advertises its click action (1.516666ms)
✔ five theme identities remain closed with NEO-NOIR as the safe default (1.195333ms)
✔ stored theme and iframe query parsing fail closed to the worn default (0.257ms)
✔ thread locality is exact at the wire and visible after project provenance (0.644ms)
✔ recognizes and masks the retired fixture title through its migration fingerprint (0.653875ms)
✔ does not redact an owner thread or alter older cleanup recognition (0.077334ms)
✔ shortens a long generated title only at a complete-word boundary (0.218084ms)
✔ directory layout preserves every chamber and cell and replays identically (1.486459ms)
✔ roots grow only to their recorded end and preserve identity on replay (0.189375ms)
✔ parses the exact server-provided vitals shape without re-accounting (1.445959ms)
✔ accepts the exact current Vitals source and rejects unknown accounting sources (0.207209ms)
✔ parses honest partial resource measurements without inventing zeroes (0.079292ms)
✔ preserves exact decimal scale and distinguishes an unpriced point (0.093791ms)
✔ rejects unavailable gauges masquerading as measured zeroes (0.096ms)
✔ finds scrub buckets and uses decimals only for SVG geometry (0.179041ms)
✔ does not invent a trend line across empty or unpriced minute buckets (0.621833ms)
✔ collapse reallocates rows instead of overlaying Chat (0.071292ms)
✔ narrow collapsed Vitals reserves its full row for learning before lower-priority cells (2.552334ms)
ℹ tests 144
ℹ suites 0
ℹ pass 144
ℹ fail 0
ℹ cancelled 0
ℹ skipped 0
ℹ todo 0
ℹ duration_ms 722.676458
