$ /Users/nateoswalt/Developer/N8_Harness/garden/bin/ledger verify /Users/nateoswalt/Developer/N8_Harness/harness/verification/m3rs
missing or invalid ledger-report.json: [Errno 2] No such file or directory: '/Users/nateoswalt/Developer/N8_Harness/harness/verification/m3rs/ledger-report.json'
report packet must match its evidence folder
ledger changed: regenerate the report and review required rows
report header must name the remaining reviewer discretion
FL-001: needs PASS or FAIL; missing screenshot FL-001.png
FL-002: needs PASS or FAIL; missing screenshot FL-002.png
FL-003: needs PASS or FAIL; missing screenshot FL-003.png
FL-004: needs PASS or FAIL; missing screenshot FL-004.png
FL-005: needs PASS or FAIL; missing screenshot FL-005.png
FL-006: needs PASS or FAIL; missing screenshot FL-006.png
FL-007: needs PASS or FAIL; missing screenshot FL-007.png
FL-008: needs PASS or FAIL; missing screenshot FL-008.png
FL-009: needs PASS or FAIL; missing screenshot FL-009.png
FL-010: needs PASS or FAIL; missing screenshot FL-010.png
FL-011: needs PASS or FAIL; missing screenshot FL-011.png
FL-012: needs PASS or FAIL; missing screenshot FL-012.png
FL-014: needs PASS or FAIL; missing screenshot FL-014.png
FL-015: needs PASS or FAIL; missing screenshot FL-015.png
FL-016: needs PASS or FAIL; missing screenshot FL-016.png
FL-017: needs PASS or FAIL; missing screenshot FL-017.png
FL-018: needs PASS or FAIL; missing screenshot FL-018.png
FL-019: needs PASS or FAIL; missing screenshot FL-019.png
FL-020: needs PASS or FAIL; missing screenshot FL-020.png
FL-021: needs PASS or FAIL; missing screenshot FL-021.png
FL-022: needs PASS or FAIL; missing screenshot FL-022.png
FL-023: needs PASS or FAIL; missing screenshot FL-023.png
FL-024: needs PASS or FAIL; missing screenshot FL-024.png
FL-026: needs PASS or FAIL; missing screenshot FL-026.png
FL-027: needs PASS or FAIL; missing screenshot FL-027.png
FL-028: needs PASS or FAIL; missing screenshot FL-028.png
FL-029: needs PASS or FAIL; missing screenshot FL-029.png
FL-030: needs PASS or FAIL; missing screenshot FL-030.png
FL-031: needs PASS or FAIL; missing screenshot FL-031.png
FL-032: needs PASS or FAIL; missing screenshot FL-032.png
FL-033: needs PASS or FAIL; missing screenshot FL-033.png
FL-034: needs PASS or FAIL; missing screenshot FL-034.png
FL-035: needs PASS or FAIL; missing screenshot FL-035.png
FL-036: needs PASS or FAIL; missing screenshot FL-036.png
FL-037: needs PASS or FAIL; missing screenshot FL-037.png
FL-038: needs PASS or FAIL; missing screenshot FL-038.png
FL-039: needs PASS or FAIL; missing screenshot FL-039.png
FL-041: needs PASS or FAIL; missing screenshot FL-041.png
FL-042: needs PASS or FAIL; missing screenshot FL-042.png
FL-045: needs PASS or FAIL; missing screenshot FL-045.png
FL-046: needs PASS or FAIL; missing screenshot FL-046.png
FL-047: needs PASS or FAIL; missing screenshot FL-047.png
FL-048: needs PASS or FAIL; missing screenshot FL-048.png
FL-049: needs PASS or FAIL; missing screenshot FL-049.png
FL-050: needs PASS or FAIL; missing screenshot FL-050.png
FL-051: needs PASS or FAIL; missing screenshot FL-051.png
FL-052: needs PASS or FAIL; missing screenshot FL-052.png
FL-053: needs PASS or FAIL; missing screenshot FL-053.png
FL-054: needs PASS or FAIL; missing screenshot FL-054.png
FL-055: needs PASS or FAIL; missing screenshot FL-055.png
FL-056: needs PASS or FAIL; missing screenshot FL-056.png
FL-058: needs PASS or FAIL; missing screenshot FL-058.png
FL-059: needs PASS or FAIL; missing screenshot FL-059.png
FL-060: needs PASS or FAIL; missing screenshot FL-060.png
FL-062: needs PASS or FAIL; missing screenshot FL-062.png
FL-063: needs PASS or FAIL; missing screenshot FL-063.png
FL-066: needs PASS or FAIL; missing screenshot FL-066.png
FL-067: needs PASS or FAIL; missing screenshot FL-067.png
FL-069: needs PASS or FAIL; missing screenshot FL-069.png
FL-070: needs PASS or FAIL; missing screenshot FL-070.png
FL-071: needs PASS or FAIL; missing screenshot FL-071.png
FL-072: needs PASS or FAIL; missing screenshot FL-072.png
FL-073: needs PASS or FAIL; missing screenshot FL-073.png
FL-074: needs PASS or FAIL; missing screenshot FL-074.png
FL-075: needs PASS or FAIL; missing screenshot FL-075.png
FL-079: needs PASS or FAIL; missing screenshot FL-079.png
FL-083: needs PASS or FAIL; missing screenshot FL-083.png
FL-085: needs PASS or FAIL; missing screenshot FL-085.png
FL-086: needs PASS or FAIL; missing screenshot FL-086.png
FL-087: needs PASS or FAIL; missing screenshot FL-087.png
FL-088: needs PASS or FAIL; missing screenshot FL-088.png
FL-089: needs PASS or FAIL; missing screenshot FL-089.png
FL-090: needs PASS or FAIL; missing screenshot FL-090.png
FL-091: needs PASS or FAIL; missing screenshot FL-091.png
FL-092: needs PASS or FAIL; missing screenshot FL-092.png
FL-093: needs PASS or FAIL; missing screenshot FL-093.png
FL-094: needs PASS or FAIL; missing screenshot FL-094.png
FL-095: needs PASS or FAIL; missing screenshot FL-095.png
FL-096: needs PASS or FAIL; missing screenshot FL-096.png
FL-097: needs PASS or FAIL; missing screenshot FL-097.png
FL-098: needs PASS or FAIL; missing screenshot FL-098.png
FL-099: needs PASS or FAIL; missing screenshot FL-099.png
FL-100: needs PASS or FAIL; missing screenshot FL-100.png
FL-101: needs PASS or FAIL; missing screenshot FL-101.png
FL-102: needs PASS or FAIL; missing screenshot FL-102.png
FL-103: needs PASS or FAIL; missing screenshot FL-103.png
FL-104: needs PASS or FAIL; missing screenshot FL-104.png
FL-105: needs PASS or FAIL; missing screenshot FL-105.png
FL-106: needs PASS or FAIL; missing screenshot FL-106.png
FL-108: needs PASS or FAIL; missing screenshot FL-108.png
FL-109: needs PASS or FAIL; missing screenshot FL-109.png
FL-110: needs PASS or FAIL; missing screenshot FL-110.png
FL-111: needs PASS or FAIL; missing screenshot FL-111.png
FL-112: needs PASS or FAIL; missing screenshot FL-112.png
FL-113: needs PASS or FAIL; missing screenshot FL-113.png
FL-114: needs PASS or FAIL; missing screenshot FL-114.png
FL-115: needs PASS or FAIL; missing screenshot FL-115.png
FL-116: needs PASS or FAIL; missing screenshot FL-116.png
FL-117: needs PASS or FAIL; missing screenshot FL-117.png
FL-119: needs PASS or FAIL; missing screenshot FL-119.png
FL-120: needs PASS or FAIL; missing screenshot FL-120.png
FL-122: needs PASS or FAIL; missing screenshot FL-122.png
FL-123: needs PASS or FAIL; missing screenshot FL-123.png
FL-124: needs PASS or FAIL; missing screenshot FL-124.png
FL-125: needs PASS or FAIL; missing screenshot FL-125.png
FL-127: needs PASS or FAIL; missing screenshot FL-127.png
FL-131: needs PASS or FAIL; missing screenshot FL-131.png
FL-137: needs PASS or FAIL; missing screenshot FL-137.png
FL-138: needs PASS or FAIL; missing screenshot FL-138.png
FL-139: needs PASS or FAIL; missing screenshot FL-139.png
FL-141: needs PASS or FAIL; missing screenshot FL-141.png
FL-142: needs PASS or FAIL; missing screenshot FL-142.png
FL-143: needs PASS or FAIL; missing screenshot FL-143.png
FL-144: needs PASS or FAIL; missing screenshot FL-144.png
FL-145: needs PASS or FAIL; missing screenshot FL-145.png
FL-146: needs PASS or FAIL; missing screenshot FL-146.png
FL-147: needs PASS or FAIL; missing screenshot FL-147.png
FL-148: needs PASS or FAIL; missing screenshot FL-148.png
FL-149: needs PASS or FAIL; missing screenshot FL-149.png
FL-150: needs PASS or FAIL; missing screenshot FL-150.png
FL-151: needs PASS or FAIL; missing screenshot FL-151.png
FL-154: needs PASS or FAIL; missing screenshot FL-154.png
FL-155: needs PASS or FAIL; missing screenshot FL-155.png
FL-157: needs PASS or FAIL; missing screenshot FL-157.png
FL-158: needs PASS or FAIL; missing screenshot FL-158.png
FL-159: needs PASS or FAIL; missing screenshot FL-159.png
FL-162: needs PASS or FAIL; missing screenshot FL-162.png
FL-163: needs PASS or FAIL; missing screenshot FL-163.png
FL-164: needs PASS or FAIL; missing screenshot FL-164.png
FL-166: needs PASS or FAIL; missing screenshot FL-166.png
FL-167: needs PASS or FAIL; missing screenshot FL-167.png
FL-168: needs PASS or FAIL; missing screenshot FL-168.png
FL-169: needs PASS or FAIL; missing screenshot FL-169.png
FL-170: needs PASS or FAIL; missing screenshot FL-170.png
FL-171: needs PASS or FAIL; missing screenshot FL-171.png
FL-173: needs PASS or FAIL; missing screenshot FL-173.png
FL-174: needs PASS or FAIL; missing screenshot FL-174.png
FL-175: needs PASS or FAIL; missing screenshot FL-175.png
FL-178: needs PASS or FAIL; missing screenshot FL-178.png
FL-179: needs PASS or FAIL; missing screenshot FL-179.png
FL-186: needs PASS or FAIL; missing screenshot FL-186.png
FL-187: needs PASS or FAIL; missing screenshot FL-187.png
FL-188: needs PASS or FAIL; missing screenshot FL-188.png
FL-190: needs PASS or FAIL; missing screenshot FL-190.png
FL-191: needs PASS or FAIL; missing screenshot FL-191.png
FL-192: needs PASS or FAIL; missing screenshot FL-192.png
FL-193: needs PASS or FAIL; missing screenshot FL-193.png
FL-194: needs PASS or FAIL; missing screenshot FL-194.png
FL-195: needs PASS or FAIL; missing screenshot FL-195.png
Handoff REFUSED: 149 required rows checked

Exit code: 1
