2026-10-05T19:29:07Z === run 14 M4SY-14 ['symphony', 'chat']
2026-10-05T19:29:20Z markseen.js  OK
2026-10-05T19:29:23Z sym-open.js  OK
2026-10-05T19:29:27Z sym-fill.js  OK
2026-10-05T19:29:27Z state running 0 ['authority_signed', 'execution_requested', 'step-1-round-1:workers_started'] [('round-1-attempt-1', 'running')] None
2026-10-05T19:29:30Z cap-recipe.js const NAME='FL-122-step1', NOTE="step 1 running"; OK
2026-10-05T19:29:32Z cap-chat.js const NAME='FL-085-status', NOTE="status card in chat while the run is unattended"; const  OK
2026-10-05T19:29:52Z cap-deck.js const NAME='FL-085-running', NOTE="Deck while step 1 runs"; const OPEN=false; const EXTRA= OK
2026-10-05T19:29:55Z state running 0.020704800000 ['step-1-round-1:judged', 'step-1:passed', 'step-2-round-1:workers_started'] [('round-1-attempt-1', 'running'), ('round-1-attempt-2', 'running'), ('round-1-attempt-3', 'running')] None
2026-10-05T19:29:58Z cap-recipe.js const NAME='FL-122', NOTE="step 1 complete, step 2 running"; OK
2026-10-05T19:30:01Z state running 0.023396400000 ['step-1-round-1:judged', 'step-1:passed', 'step-2-round-1:workers_started'] [('round-1-attempt-1', 'running'), ('round-1-attempt-2', 'running'), ('round-1-attempt-3', 'stopped')] None
2026-10-05T19:30:21Z cap-deck.js const NAME='FL-095', NOTE="search step: attempts after the readiness check"; const OPEN=fa OK
2026-10-05T19:30:23Z steer.js  OK
2026-10-05T19:30:26Z cap-chat.js const NAME='FL-098-chat', NOTE="steering typed in the chat and its acknowledgement"; const OK
2026-10-05T19:30:45Z cap-deck.js const NAME='FL-098', NOTE="the run card: the human prompt and the steering as follow-ups"; OK
2026-10-05T19:31:13Z clips.js  OK
2026-10-05T19:31:16Z state running 0.122539600000 ['clarified:round-1-attempt-2', 'step-2-round-1:judged', 'step-2-round-2:workers_started'] [('round-2-attempt-1', 'running'), ('round-2-attempt-2', 'running'), ('round-2-attempt-3', 'stopped')] None
2026-10-05T19:31:38Z cap-deck.js const NAME='FL-091', NOTE="after the judges failed round 1: verdicts and the fresh round"; OK
2026-10-05T19:31:53Z feedback.js  ERROR locator.click: Timeout 15000ms exceeded.
Call log:
[2m  - waiting for locator('[data-testid="rack-plugin-frame-conversation"]').contentFrame().getByTestId('symphony-status').last().locator('details').filter({ hasText: 'Judge feedback' }).first().locator('summary')[22m

    at eval (<anonymous>:9:33)
    at async Server.<anonymous> (/private/tmp/m4sy-01a10a5b/walk/driver.mjs:143:15)
2026-10-05T19:31:56Z cap-recipe.js const NAME='FL-099', NOTE="round 2: step 1 still complete, step 2 running again"; OK
2026-10-05T19:31:59Z state completed 0.150636800000 ['step-2:passed', 'judge_panel_unanimous', 'completed'] [('round-2-attempt-1', 'completed'), ('round-2-attempt-2', 'completed'), ('round-2-attempt-3', 'stopped')] None
2026-10-05T19:32:05Z cap-chat.js const NAME='FL-085', NOTE="the result returned to the chat"; const SEL="[data-testid=\"sym OK
2026-10-05T19:32:08Z cap-chat.js const NAME='FL-085-end', NOTE="the end of the result card"; const SEL=".symphony-result__b OK
2026-10-05T19:32:30Z cap-deck.js const NAME='FL-085-deck', NOTE="the run card after completion with the judges' verdicts";  OK
2026-10-05T19:32:32Z cap-recipe.js const NAME='FL-122-final', NOTE="recipe after completion"; OK
2026-10-05T19:32:40Z workerctx.js const ATTEMPT='round-2-attempt-1'; OK
2026-10-05T19:32:40Z audit {
 "state": "completed",
 "spend_usd": "0.150636800000",
 "step1_worker_starts": 1,
 "step2_rounds_started": [
  "step-2-round-1:workers_started",
  "step-2-round-2:workers_started"
 ],
 "beam": [
  {
   "child": "step-1-round-1",
   "kept": [
    "round-1-attempt-1"
   ],
   "pruned": []
  },
  {
   "child": "step-2-round-1",
   "kept": [
    "round-1-attempt-1",
    "round-1-attempt-2"
   ],
   "pruned": []
  },
  {
   "child": "step-2-round-2",
   "kept": [
    "round-2-attempt-1",
    "round-2-attempt-2"
   ],
   "pruned": []
  }
 ],
 "worktrees_kb": 0
}
step-1-round-1 unanimous_pass winner round-1-attempt-1 | feedback 0 | [('motivation', 'pass', 3), ('implementation', 'pass', 3), ('performance', 'pass', 3)]
step-2-round-1 failed_judgment winner None | feedback 1 | [('motivation', 'fail', 5), ('implementation', 'fail', 5), ('performance', 'fail', 4)]
step-2-round-2 unanimous_pass winner round-2-attempt-2 | feedback 0 | [('motivation', 'pass', 5), ('implementation', 'pass', 5), ('performance', 'pass', 5)]
registry in every worker first request: True 12 | system-prompts.jsonl lines with registry: None
 
2026-10-05T19:33:26Z chatwork.js  OK
2026-10-05T19:33:26Z === run finished
