
> harness-web@0.1.0 test:unit
> node --experimental-strip-types --test tests/*.test.mjs

✔ queue decision payloads never claim a machine identity (1.669833ms)
✔ two Context Bars instances can attune to two different nearby threads (0.871709ms)
✔ drag geometry immediately reattunes a consumer (0.169042ms)
✔ an exact tie is random once and sticky until the layout changes (6.54725ms)
✔ a sticky tie pick survives reload but rejects malformed stored state (0.143792ms)
✔ layer distance participates in proximity with one unit per tab step (0.089041ms)
✔ conversation mode switches the same source between one thread and the Deck stack (0.085208ms)
✔ GLOBAL and zero-source ATTUNED badges state their exact truth (0.048375ms)
✔ the conversation exposes the screenshot without opening its binary diagnostics (1.642667ms)
✔ renders URL-safe binary as an image and elides nested diagnostic copies without mutation (0.250166ms)
✔ app settings own the live theme, transcript backup, and layout controls (10.114417ms)
✔ module settings expose only bound scope controls and remove dead Palace scope (4.826708ms)
✔ internal implementation labels do not reach the owner surface (63.76175ms)
✔ snapshot and connection walls quote their actual error messages (55.544792ms)
✔ module host wall rejects external origins and accepts a local port (10.758833ms)
✔ focused Conversation does not reselect its already-authoritative thread before send (0.602292ms)
✔ formats money, percentages, and quantities for a glanceable instrument (1.228042ms)
✔ rejects non-decimal money and non-finite measurements (0.187208ms)
✔ names the owner-facing instrument Spend at the production manifest seam (7.835416ms)
✔ image preparation validates signature and emits canonical input plus compact view (8.320542ms)
✔ image preparation rejects every local invalidity with a usable remedy (1.165125ms)
✔ composer image UX is focus-scoped, accessible, reconnectable, and responsive (8.776042ms)
✔ lifecycle overlays return in one click while instruments live on the stage (6.664416ms)
✔ thread-list archive targets the existing extraction action by thread identity (1.654708ms)
✔ instrument remotes remain scrollable without being fixed host overlays (0.917209ms)
✔ Injection scope is owned by the shared module settings slot (1.275084ms)
✔ Run DEEP and Audition share explicit readable secondary-action states (1.626792ms)
✔ Graph and Injection remotes share a real viewport scroll container (5.378167ms)
✔ layout audit catches interactive overlap without rejecting shared edges (2.503042ms)
✔ layout audit reports clipped text independently of box collisions (0.097ms)
✔ layout audit reports visual text collisions within each rendered surface (0.120542ms)
✔ stage source keeps rare controls in settings and lets thread titles wrap in full (9.435167ms)
✔ presents server-authored learning truth in human numbers (0.829042ms)
✔ describes the first background retrain honestly before a durable run exists (0.083709ms)
✔ positions live and generation scores on one timeline without deriving either score (0.877459ms)
✔ does not invent a proposal score when weighted evidence is not recorded (0.077375ms)
✔ quiet refresh preserves controls until scope or active generation changes (0.093417ms)
✔ quiet progress refresh expires only a retrain notice and preserves owner interaction (0.666417ms)
✔ freezes the owner control copy (0.043625ms)
✔ extracts one shared telemetry view and refuses a missing learning view (0.060041ms)
✔ the finished Deck keeps proposed replies same-turn, editable, ordered, and journaled (9.60925ms)
✔ keeps the highest-signal label when graph labels collide (1.350083ms)
✔ retains separated labels with non-overlapping boxes inside the graph viewbox (5.9995ms)
✔ rebinds a selected Graph node to the refreshed snapshot or clears it (0.630542ms)
✔ Graph node activation publishes memory identity without opening an overlay (6.933417ms)
✔ only exposes a Graph snapshot matching the pending scope and thread request (0.809291ms)
✔ does not query ATTUNED memory until a thread identity exists (2.437791ms)
✔ agent-file jump-start offers one explicit route into ordinary seed review (9.637917ms)
✔ Memory Ingest is a movable panel rather than a header control or lifecycle overlay (2.66625ms)
✔ judged Symphony batches reuse Palace Queue and retain explicit owner consent (5.786792ms)
✔ curator proposals expose Palace activity and use only explicit queue decisions (6.381125ms)
✔ keeps the memory editor mounted for its authoritative save result (7.803667ms)
✔ nebula creates exactly one deterministic body per active memory (1.483625ms)
✔ activity and provenance modes produce different named data transforms (0.138416ms)
✔ memory current emits only real revision events and replays byte-identically (2.215791ms)
✔ real graph edges alone create filaments and duplicate-family creatures (0.340125ms)
✔ historical similarity families anchor to their latest real events (0.150167ms)
✔ provenance binds the released Palace thread_origin compatibility field (0.089667ms)
✔ production source uses the ruled Three stack and forbids random geometry (15.120667ms)
✔ the Rack exposes one file press path and projects only the validated record (1.188375ms)
✔ double press is deterministic and emits only CSS token data (13.033791ms)
✔ a low-contrast monochrome plate is refused with a named remedy (0.547625ms)
✔ stored colorways round-trip through the validated local data boundary (1.242542ms)
✔ renders a project path only after authoritative snapshot acknowledgement (0.643167ms)
✔ accepts canonical filesystem and legacy project paths and rejects ambiguous shapes (0.279416ms)
✔ lists known non-null paths without turning legacy null into a silent match (6.289292ms)
✔ changes project-editor identity when either thread or authoritative project changes (0.07025ms)
✔ re-renders project control from authoritative context at every reconciliation boundary (0.156625ms)
✔ chooses the newest existing thread for a project and no thread from another project (0.081167ms)
✔ the project-conflict message owns a shrinkable anywhere-wrapping flex item (7.162708ms)
✔ Project input Enter and form submit share one project-open path (2.172291ms)
✔ Project input commits an edited path when focus leaves the field (3.05025ms)
✔ Project control derives its visible draft from snapshot reconciliation (1.438834ms)
✔ Rack exposes only snapshot-acknowledged project bindings (4.139625ms)
✔ provider refusal wire detail and terminal voice stay distinct (5.203542ms)
✔ reports an asynchronous rack action failure before rethrowing it (1.36475ms)
✔ does not report a rack action that reconciles successfully (0.102458ms)
✔ bridge message kinds stay closed and only control manifests receive scorer writes (35.034542ms)
✔ the module template enumerates the complete mounted stage and refuses a partial affordance (4.52425ms)
✔ Vitals moves, resizes inside manifest bounds, and restores from persisted layout (0.512834ms)
✔ panel edge resize trades with the neighbor under that edge (0.130208ms)
✔ production manifests and frames are wired through the shared template (5.171791ms)
✔ rack iframe boundary strips private image material without mutating the host outbox (1.3765ms)
✔ recipe graph validates the visible frontier and lays dependencies left to right (0.977792ms)
✔ recipe graph refuses edges and frontier marks that invent graph truth (0.218458ms)
✔ completion grid keeps packet rows distinct and fuses dependency streams rightward (0.908708ms)
✔ recipe graph refuses a cycle instead of inventing completion order (0.085625ms)
✔ recipe module declares the annotated-sheet grammar and its complete data key (7.841583ms)
✔ admits only a same-thread error and snapshot while the barrier remains active (1.31925ms)
✔ preserves only a project-context conflict through snapshot reconciliation (0.099583ms)
✔ snap-touching modules form one transitive frame within their layer (0.738083ms)
✔ a local watcher sees only its frame while GLOBAL escapes position (0.07225ms)
✔ parses conversation, model, reasoning, cache, and purpose rows without re-accounting (0.90525ms)
✔ keeps partial pricing explicit and rejects impossible receipt counts (0.263042ms)
✔ accepts an empty attuned slice and rejects duplicate conversation rows (0.684667ms)
✔ layer switching preserves independent camera and module layouts through reload (2.324667ms)
✔ module and layer removal round-trip exact retained state through the library (0.281ms)
✔ whole-stage fit and off-screen classification use the same camera geometry (0.099875ms)
✔ off-screen recovery fits Recipe and Conversation stack at native scale inside 390 by 844 (0.216875ms)
✔ off-screen recovery preserves module size when centered geometry fits (0.075959ms)
✔ factory layers contain Graph and Injection as stage modules, never fixed tabs (0.074167ms)
✔ Palace State is mounted beside Spend and survives the shared library lifecycle (0.083625ms)
✔ Palace Nebula begins in the Graph library and migrates existing layouts once (0.17625ms)
✔ Memory Ingest is a factory Stage module and joins an existing v3 layout once (0.1955ms)
✔ Recipe joins the chosen layer from Library and round-trips its placement (0.115208ms)
✔ Spend can shrink to one cell and grow to the complete Stage grid (0.107083ms)
✔ Conversation, Context Bars, Spend, and Graph can each add independent Stage instances (0.252166ms)
✔ create layer appends one active empty tab without disturbing existing layers (0.121083ms)
✔ v4 Chat and Deck layouts migrate cleanly into focused and stack Conversation instances (0.170458ms)
✔ v2 layouts migrate into the centered fine coordinate space with screen geometry preserved (0.121ms)
✔ the centered canvas is four times larger per axis and carries a subordinate fine grid (4.169917ms)
✔ every module and the stage-owned floating shells carry the shared chamfer language (1.036916ms)
✔ the Stage exposes a labelled one-click layer creator beside its tabs (0.894625ms)
✔ split-planning refusal with null optional provider fields is terminal (1.251583ms)
✔ context-limit remedy with null optional provider codes is terminal (0.071208ms)
✔ owner connection copy never claims whole-product health from the socket alone (0.545125ms)
✔ source tree product copy rejects internal words and work identifiers (73.222583ms)
✔ owner surfaces state the situation without daemon, factory, or link jargon (2.625125ms)
✔ The Deck exposes all three conductor interventions and an owner demand lineage (5.927792ms)
✔ Symphony deliberation is human-fixed, signed, separately identified, and returned inline (11.398625ms)
✔ shared settings and descriptive hover tips have no strip-specific chrome escape (4.4455ms)
✔ archive is icon-compact while Model Device advertises its click action (1.811875ms)
✔ five theme identities remain closed with NEO-NOIR as the safe default (1.209041ms)
✔ stored theme and iframe query parsing fail closed to the worn default (0.260708ms)
✔ thread locality is exact at the wire and visible after project provenance (0.655458ms)
✔ recognizes and masks the retired fixture title through its migration fingerprint (0.648583ms)
✔ does not redact an owner thread or alter older cleanup recognition (0.064541ms)
✔ shortens a long generated title only at a complete-word boundary (0.045083ms)
✔ parses the exact server-provided vitals shape without re-accounting (1.6695ms)
✔ accepts the exact current Vitals source and rejects unknown accounting sources (0.2075ms)
✔ parses honest partial resource measurements without inventing zeroes (0.08525ms)
✔ preserves exact decimal scale and distinguishes an unpriced point (0.0975ms)
✔ rejects unavailable gauges masquerading as measured zeroes (0.08075ms)
✔ finds scrub buckets and uses decimals only for SVG geometry (0.211709ms)
✔ does not invent a trend line across empty or unpriced minute buckets (0.62725ms)
✔ collapse reallocates rows instead of overlaying Chat (0.074583ms)
✔ narrow collapsed Vitals reserves its full row for learning before lower-priority cells (2.507833ms)
ℹ tests 137
ℹ suites 0
ℹ pass 137
ℹ fail 0
ℹ cancelled 0
ℹ skipped 0
ℹ todo 0
ℹ duration_ms 641.701083
