
> harness-web@0.1.0 test:unit
> node --experimental-strip-types --test tests/*.test.mjs

✔ queue decision payloads never claim a machine identity (1.15225ms)
✔ two Context Bars instances can attune to two different nearby threads (0.905792ms)
✔ drag geometry immediately reattunes a consumer (0.180542ms)
✔ an exact tie is random once and sticky until the layout changes (7.624875ms)
✔ a sticky tie pick survives reload but rejects malformed stored state (0.166458ms)
✔ layer distance participates in proximity with one unit per tab step (1.367583ms)
✔ conversation mode switches the same source between one thread and the Deck stack (0.364875ms)
✔ GLOBAL and zero-source ATTUNED badges state their exact truth (0.200041ms)
✔ the conversation exposes the screenshot without opening its binary diagnostics (0.728708ms)
✔ renders URL-safe binary as an image and elides nested diagnostic copies without mutation (0.19225ms)
✔ app settings own the live theme, transcript backup, and layout controls (9.50925ms)
✔ module settings expose only bound scope controls and remove dead Palace scope (4ms)
✔ internal implementation labels do not reach the owner surface (2.401292ms)
✔ focused Conversation does not reselect its already-authoritative thread before send (0.608958ms)
✔ formats money, percentages, and quantities for a glanceable instrument (1.152959ms)
✔ rejects non-decimal money and non-finite measurements (0.181334ms)
✔ names the owner-facing instrument Spend at the production manifest seam (4.976584ms)
✔ image preparation validates signature and emits canonical input plus compact view (7.358291ms)
✔ image preparation rejects every local invalidity with a usable remedy (3.634208ms)
✔ composer image UX is focus-scoped, accessible, reconnectable, and responsive (7.006833ms)
✔ lifecycle overlays return in one click while instruments live on the stage (7.176625ms)
✔ thread-list archive targets the existing extraction action by thread identity (1.869208ms)
✔ instrument remotes remain scrollable without being fixed host overlays (1.330542ms)
✔ Injection scope is owned by the shared module settings slot (1.525125ms)
✔ Run DEEP and Audition share explicit readable secondary-action states (2.027583ms)
✔ Graph and Injection remotes share a real viewport scroll container (3.029625ms)
✔ layout audit catches interactive overlap without rejecting shared edges (1.251042ms)
✔ layout audit reports clipped text independently of box collisions (0.074833ms)
✔ layout audit reports visual text collisions within each rendered surface (0.103917ms)
✔ stage source keeps rare controls in settings and lets thread titles wrap in full (6.668709ms)
✔ presents server-authored learning truth in human numbers (1.691417ms)
✔ describes the first background retrain honestly before a durable run exists (0.091459ms)
✔ positions live and generation scores on one timeline without deriving either score (0.904667ms)
✔ does not invent a proposal score when weighted evidence is not recorded (0.08075ms)
✔ quiet refresh preserves controls until scope or active generation changes (3.511833ms)
✔ quiet progress refresh expires only a retrain notice and preserves owner interaction (0.321041ms)
✔ freezes the owner control copy (0.160375ms)
✔ extracts one shared telemetry view and refuses a missing learning view (0.181417ms)
✔ the finished Deck keeps proposed replies same-turn, editable, ordered, and journaled (7.130041ms)
✔ keeps the highest-signal label when graph labels collide (1.340875ms)
✔ retains separated labels with non-overlapping boxes inside the graph viewbox (5.868958ms)
✔ rebinds a selected Graph node to the refreshed snapshot or clears it (0.616875ms)
✔ Graph node activation publishes memory identity without opening an overlay (7.369625ms)
✔ only exposes a Graph snapshot matching the pending scope and thread request (3.531917ms)
✔ does not query ATTUNED memory until a thread identity exists (6.66575ms)
✔ agent-file jump-start offers one explicit route into ordinary seed review (5.119125ms)
✔ Memory Ingest is a movable panel rather than a header control or lifecycle overlay (3.043375ms)
✔ judged Symphony batches reuse Palace Queue and retain explicit owner consent (1.705167ms)
✔ curator proposals expose Palace activity and use only explicit queue decisions (2.233458ms)
✔ keeps the memory editor mounted for its authoritative save result (4.470042ms)
✔ nebula creates exactly one deterministic body per active memory (1.469625ms)
✔ activity and provenance modes produce different named data transforms (0.130042ms)
✔ memory current emits only real revision events and replays byte-identically (1.621125ms)
✔ real graph edges alone create filaments and duplicate-family creatures (0.986708ms)
✔ historical similarity families anchor to their latest real events (0.207166ms)
✔ provenance binds the released Palace thread_origin compatibility field (0.10175ms)
✔ production source uses the ruled Three stack and forbids random geometry (10.746792ms)
✔ the Rack exposes one file press path and projects only the validated record (1.210584ms)
✔ double press is deterministic and emits only CSS token data (11.118958ms)
✔ a low-contrast monochrome plate is refused with a named remedy (0.515583ms)
✔ stored colorways round-trip through the validated local data boundary (1.538125ms)
✔ renders a project path only after authoritative snapshot acknowledgement (0.628292ms)
✔ accepts canonical filesystem and legacy project paths and rejects ambiguous shapes (0.267ms)
✔ lists known non-null paths without turning legacy null into a silent match (20.465125ms)
✔ changes project-editor identity when either thread or authoritative project changes (0.081583ms)
✔ re-renders project control from authoritative context at every reconciliation boundary (4.937167ms)
✔ chooses the newest existing thread for a project and no thread from another project (0.106958ms)
✔ the project-conflict message owns a shrinkable anywhere-wrapping flex item (4.520416ms)
✔ Project input Enter and form submit share one project-open path (1.386042ms)
✔ Project input commits an edited path when focus leaves the field (0.889917ms)
✔ Project control derives its visible draft from snapshot reconciliation (1.772334ms)
✔ Rack exposes only snapshot-acknowledged project bindings (1.147083ms)
✔ provider refusal wire detail and terminal voice stay distinct (5.033792ms)
✔ reports an asynchronous rack action failure before rethrowing it (2.462208ms)
✔ does not report a rack action that reconciles successfully (0.265459ms)
✔ the module template enumerates the complete mounted stage and refuses a partial affordance (1.631791ms)
✔ Vitals moves, resizes inside manifest bounds, and restores from persisted layout (0.499583ms)
✔ panel edge resize trades with the neighbor under that edge (0.126625ms)
✔ production manifests and frames are wired through the shared template (4.591292ms)
✔ rack iframe boundary strips private image material without mutating the host outbox (1.331833ms)
✔ recipe graph validates the visible frontier and lays dependencies left to right (0.932541ms)
✔ recipe graph refuses edges and frontier marks that invent graph truth (0.199708ms)
✔ completion grid keeps packet rows distinct and fuses dependency streams rightward (1.27275ms)
✔ recipe graph refuses a cycle instead of inventing completion order (0.116416ms)
✔ recipe module declares the annotated-sheet grammar and its complete data key (9.991208ms)
✔ admits only a same-thread error and snapshot while the barrier remains active (1.166958ms)
✔ preserves only a project-context conflict through snapshot reconciliation (0.092417ms)
✔ snap-touching modules form one transitive frame within their layer (0.678292ms)
✔ a local watcher sees only its frame while GLOBAL escapes position (0.071208ms)
✔ parses conversation, model, reasoning, cache, and purpose rows without re-accounting (2.3195ms)
✔ keeps partial pricing explicit and rejects impossible receipt counts (0.311708ms)
✔ accepts an empty attuned slice and rejects duplicate conversation rows (0.727125ms)
✔ layer switching preserves independent camera and module layouts through reload (2.362375ms)
✔ module and layer removal round-trip exact retained state through the library (0.295875ms)
✔ whole-stage fit and off-screen classification use the same camera geometry (0.596167ms)
✔ off-screen recovery fits Recipe and Conversation stack at native scale inside 390 by 844 (0.225583ms)
✔ off-screen recovery preserves module size when centered geometry fits (0.080125ms)
✔ factory layers contain Graph and Injection as stage modules, never fixed tabs (0.067791ms)
✔ Palace State is mounted beside Spend and survives the shared library lifecycle (0.085333ms)
✔ Palace Nebula begins in the Graph library and migrates existing layouts once (0.251416ms)
✔ Memory Ingest is a factory Stage module and joins an existing v3 layout once (0.252666ms)
✔ Recipe joins the chosen layer from Library and round-trips its placement (0.112292ms)
✔ Spend can shrink to one cell and grow to the complete Stage grid (0.104584ms)
✔ Conversation, Context Bars, Spend, and Graph can each add independent Stage instances (0.203208ms)
✔ create layer appends one active empty tab without disturbing existing layers (0.116667ms)
✔ v4 Chat and Deck layouts migrate cleanly into focused and stack Conversation instances (0.136667ms)
✔ v2 layouts migrate into the centered fine coordinate space with screen geometry preserved (0.3085ms)
✔ the centered canvas is four times larger per axis and carries a subordinate fine grid (2.70175ms)
✔ every module and the stage-owned floating shells carry the shared chamfer language (0.85025ms)
✔ the Stage exposes a labelled one-click layer creator beside its tabs (0.555542ms)
✔ split-planning refusal with null optional provider fields is terminal (1.195916ms)
✔ context-limit remedy with null optional provider codes is terminal (0.067417ms)
✔ owner connection copy never claims whole-product health from the socket alone (0.638667ms)
✔ owner surfaces state the situation without daemon, factory, or link jargon (3.097875ms)
✔ The Deck exposes all three conductor interventions and an owner demand lineage (5.920708ms)
✔ Symphony deliberation is human-fixed, signed, separately identified, and returned inline (6.183625ms)
✔ shared settings and descriptive hover tips have no strip-specific chrome escape (5.378459ms)
✔ archive is icon-compact while Model Device advertises its click action (0.956042ms)
✔ five theme identities remain closed with NEO-NOIR as the safe default (1.159625ms)
✔ stored theme and iframe query parsing fail closed to the worn default (0.253416ms)
✔ thread locality is exact at the wire and visible after project provenance (0.632833ms)
✔ recognizes and masks the retired fixture title through its migration fingerprint (0.69ms)
✔ does not redact an owner thread or alter older cleanup recognition (0.069708ms)
✔ shortens a long generated title only at a complete-word boundary (0.048833ms)
✔ parses the exact server-provided vitals shape without re-accounting (1.803ms)
✔ accepts the exact current Vitals source and rejects unknown accounting sources (0.212209ms)
✔ parses honest partial resource measurements without inventing zeroes (0.076667ms)
✔ preserves exact decimal scale and distinguishes an unpriced point (0.096ms)
✔ rejects unavailable gauges masquerading as measured zeroes (0.084292ms)
✔ finds scrub buckets and uses decimals only for SVG geometry (0.17575ms)
✔ does not invent a trend line across empty or unpriced minute buckets (0.687875ms)
✔ collapse reallocates rows instead of overlaying Chat (0.102375ms)
✔ narrow collapsed Vitals reserves its full row for learning before lower-priority cells (2.722584ms)
ℹ tests 133
ℹ suites 0
ℹ pass 133
ℹ fail 0
ℹ cancelled 0
ℹ skipped 0
ℹ todo 0
ℹ duration_ms 453.053125
